Archive member included because of file (symbol)

/usr/bin/../lib/gcc/arm-none-eabi/4.8.4/../../../../arm-none-eabi/lib/armv7e-m/fpu/libm.a(lib_a-s_lround.o)
                              ./pacabot/src/drivers/step_motor_driver.o (lround)
/usr/bin/../lib/gcc/arm-none-eabi/4.8.4/armv7e-m/fpu/libgcc.a(_arm_addsubdf3.o)
                              ./pacabot/src/hal/hal_step_motor/hal_step_motor.o (__aeabi_dsub)
/usr/bin/../lib/gcc/arm-none-eabi/4.8.4/armv7e-m/fpu/libgcc.a(_arm_muldivdf3.o)
                              ./pacabot/src/hal/hal_step_motor/hal_step_motor.o (__aeabi_dmul)
/usr/bin/../lib/gcc/arm-none-eabi/4.8.4/armv7e-m/fpu/libgcc.a(_arm_cmpdf2.o)
                              ./pacabot/src/drivers/step_motor_driver.o (__aeabi_dcmpeq)
/usr/bin/../lib/gcc/arm-none-eabi/4.8.4/armv7e-m/fpu/libgcc.a(_arm_fixdfsi.o)
                              ./pacabot/src/hal/hal_step_motor/hal_step_motor.o (__aeabi_d2iz)
/usr/bin/../lib/gcc/arm-none-eabi/4.8.4/../../../../arm-none-eabi/lib/armv7e-m/fpu/libg.a(lib_a-calloc.o)
                              ./pacabot/src/app/maze.o (calloc)
/usr/bin/../lib/gcc/arm-none-eabi/4.8.4/../../../../arm-none-eabi/lib/armv7e-m/fpu/libg.a(lib_a-callocr.o)
                              /usr/bin/../lib/gcc/arm-none-eabi/4.8.4/../../../../arm-none-eabi/lib/armv7e-m/fpu/libg.a(lib_a-calloc.o) (_calloc_r)
/usr/bin/../lib/gcc/arm-none-eabi/4.8.4/../../../../arm-none-eabi/lib/armv7e-m/fpu/libg.a(lib_a-exit.o)
                              /usr/bin/../lib/gcc/arm-none-eabi/4.8.4/../../../../arm-none-eabi/lib/armv7e-m/fpu/crt0.o (exit)
/usr/bin/../lib/gcc/arm-none-eabi/4.8.4/../../../../arm-none-eabi/lib/armv7e-m/fpu/libg.a(lib_a-impure.o)
                              /usr/bin/../lib/gcc/arm-none-eabi/4.8.4/../../../../arm-none-eabi/lib/armv7e-m/fpu/libg.a(lib_a-exit.o) (_global_impure_ptr)
/usr/bin/../lib/gcc/arm-none-eabi/4.8.4/../../../../arm-none-eabi/lib/armv7e-m/fpu/libg.a(lib_a-init.o)
                              /usr/bin/../lib/gcc/arm-none-eabi/4.8.4/../../../../arm-none-eabi/lib/armv7e-m/fpu/crt0.o (__libc_init_array)
/usr/bin/../lib/gcc/arm-none-eabi/4.8.4/../../../../arm-none-eabi/lib/armv7e-m/fpu/libg.a(lib_a-malloc.o)
                              ./pacabot/src/app/maze.o (free)
/usr/bin/../lib/gcc/arm-none-eabi/4.8.4/../../../../arm-none-eabi/lib/armv7e-m/fpu/libg.a(lib_a-mallocr.o)
                              /usr/bin/../lib/gcc/arm-none-eabi/4.8.4/../../../../arm-none-eabi/lib/armv7e-m/fpu/libg.a(lib_a-callocr.o) (_malloc_r)
/usr/bin/../lib/gcc/arm-none-eabi/4.8.4/../../../../arm-none-eabi/lib/armv7e-m/fpu/libg.a(lib_a-memcpy.o)
                              ./pacabot/src/hal/hal_ui/hal_ui.o (memcpy)
/usr/bin/../lib/gcc/arm-none-eabi/4.8.4/../../../../arm-none-eabi/lib/armv7e-m/fpu/libg.a(lib_a-memset.o)
                              /usr/bin/../lib/gcc/arm-none-eabi/4.8.4/../../../../arm-none-eabi/lib/armv7e-m/fpu/crt0.o (memset)
/usr/bin/../lib/gcc/arm-none-eabi/4.8.4/../../../../arm-none-eabi/lib/armv7e-m/fpu/libg.a(lib_a-mlock.o)
                              /usr/bin/../lib/gcc/arm-none-eabi/4.8.4/../../../../arm-none-eabi/lib/armv7e-m/fpu/libg.a(lib_a-mallocr.o) (__malloc_lock)
/usr/bin/../lib/gcc/arm-none-eabi/4.8.4/../../../../arm-none-eabi/lib/armv7e-m/fpu/libg.a(lib_a-sbrkr.o)
                              /usr/bin/../lib/gcc/arm-none-eabi/4.8.4/../../../../arm-none-eabi/lib/armv7e-m/fpu/libg.a(lib_a-mallocr.o) (_sbrk_r)
/usr/bin/../lib/gcc/arm-none-eabi/4.8.4/../../../../arm-none-eabi/lib/armv7e-m/fpu/libg.a(lib_a-sprintf.o)
                              ./pacabot/src/tests/hal/test_hal_adc.o (sprintf)
/usr/bin/../lib/gcc/arm-none-eabi/4.8.4/../../../../arm-none-eabi/lib/armv7e-m/fpu/libg.a(lib_a-strcmp.o)
                              ./pacabot/src/drivers/zigbit_driver.o (strcmp)
/usr/bin/../lib/gcc/arm-none-eabi/4.8.4/../../../../arm-none-eabi/lib/armv7e-m/fpu/libg.a(lib_a-strlen.o)
                              ./pacabot/src/tests/solvMaze/test_maze_trajectoire.o (strlen)
/usr/bin/../lib/gcc/arm-none-eabi/4.8.4/../../../../arm-none-eabi/lib/armv7e-m/fpu/libg.a(lib_a-svfprintf.o)
                              /usr/bin/../lib/gcc/arm-none-eabi/4.8.4/../../../../arm-none-eabi/lib/armv7e-m/fpu/libg.a(lib_a-sprintf.o) (_svfprintf_r)
/usr/bin/../lib/gcc/arm-none-eabi/4.8.4/../../../../arm-none-eabi/lib/armv7e-m/fpu/libg.a(lib_a-vsnprintf.o)
                              ./pacabot/src/hal/hal_os/hal_os.o (vsnprintf)
/usr/bin/../lib/gcc/arm-none-eabi/4.8.4/../../../../arm-none-eabi/lib/armv7e-m/fpu/libg.a(lib_a-__call_atexit.o)
                              /usr/bin/../lib/gcc/arm-none-eabi/4.8.4/../../../../arm-none-eabi/lib/armv7e-m/fpu/libg.a(lib_a-exit.o) (__call_exitprocs)
/usr/bin/../lib/gcc/arm-none-eabi/4.8.4/../../../../arm-none-eabi/lib/armv7e-m/fpu/libg.a(lib_a-atexit.o)
                              /usr/bin/../lib/gcc/arm-none-eabi/4.8.4/../../../../arm-none-eabi/lib/armv7e-m/fpu/libg.a(lib_a-__call_atexit.o) (atexit)
[...]
Memory Configuration

Name             Origin             Length             Attributes
FLASH            0x0000000008000000 0x0000000000100000 xr
RAM              0x0000000020000000 0x0000000000020000 xrw
CCMRAM           0x0000000010000000 0x0000000000010000 rw
*default*        0x0000000000000000 0xffffffffffffffff

Linker script and memory map

LOAD /usr/bin/../lib/gcc/arm-none-eabi/4.8.4/armv7e-m/fpu/crti.o
LOAD /usr/bin/../lib/gcc/arm-none-eabi/4.8.4/armv7e-m/fpu/crtbegin.o
LOAD /usr/bin/../lib/gcc/arm-none-eabi/4.8.4/../../../../arm-none-eabi/lib/armv7e-m/fpu/crt0.o
LOAD ./syscalls/syscalls.o
LOAD ./pacabot/src/util/common_functions.o
LOAD ./pacabot/src/util/list.o
LOAD ./pacabot/src/tests/solvMaze/test_maze_construct.o
LOAD ./pacabot/src/tests/solvMaze/test_maze_trajectoire.o
LOAD ./pacabot/src/tests/remote_control/remote_control.o
LOAD ./pacabot/src/tests/oled/test_oled_exemple.o
LOAD ./pacabot/src/tests/hal/test_hal_adc.o
LOAD ./pacabot/src/tests/hal/test_hal_beeper.o
LOAD ./pacabot/src/tests/hal/test_hal_color_sensor.o
LOAD ./pacabot/src/tests/hal/test_hal_led.o
LOAD ./pacabot/src/tests/hal/test_hal_nvm.o
LOAD ./pacabot/src/tests/hal/test_hal_sensor.o
LOAD ./pacabot/src/tests/hal/test_hal_serial.o
LOAD ./pacabot/src/tests/hal/test_hal_step_motor.o
LOAD ./pacabot/src/tests/hal/test_hal_ui.o
LOAD ./pacabot/src/tests/drivers/test_step_motor_driver.o
LOAD ./pacabot/src/tests/calibration/motor_calibration.o
LOAD ./pacabot/src/oled/smallfonts.o
LOAD ./pacabot/src/oled/ssd1306.o
LOAD ./pacabot/src/oled/ssd1306_peripherals.o
LOAD ./pacabot/src/hal/hal_zigbit/hal_zigbit.o
LOAD ./pacabot/src/hal/hal_us_sensor/hal_us_sensor.o
LOAD ./pacabot/src/hal/hal_ui/hal_ui.o
LOAD ./pacabot/src/hal/hal_step_motor/hal_step_motor.o
LOAD ./pacabot/src/hal/hal_serial/hal_serial.o
LOAD ./pacabot/src/hal/hal_sensor/hal_sensor.o
LOAD ./pacabot/src/hal/hal_pid/hal_pid.o
LOAD ./pacabot/src/hal/hal_os/hal_os.o
LOAD ./pacabot/src/hal/hal_nvm/hal_nvm.o
LOAD ./pacabot/src/hal/hal_lm629/hal_lm629.o
LOAD ./pacabot/src/hal/hal_led/hal_led.o
LOAD ./pacabot/src/hal/hal_beeper/hal_beeper.o
LOAD ./pacabot/src/hal/hal_adc/hal_adc.o
LOAD ./pacabot/src/drivers/motor_driver.o
LOAD ./pacabot/src/drivers/step_motor_driver.o
LOAD ./pacabot/src/drivers/zigbit_driver.o
LOAD ./pacabot/src/app/maze.o
LOAD ./pacabot/src/app/menus.o
LOAD ./cmsis_lib/source/misc.o
LOAD ./cmsis_lib/source/stm32f4xx_adc.o
LOAD ./cmsis_lib/source/stm32f4xx_crc.o
LOAD ./cmsis_lib/source/stm32f4xx_dma.o
LOAD ./cmsis_lib/source/stm32f4xx_exti.o
LOAD ./cmsis_lib/source/stm32f4xx_flash.o
LOAD ./cmsis_lib/source/stm32f4xx_gpio.o
LOAD ./cmsis_lib/source/stm32f4xx_pwr.o
LOAD ./cmsis_lib/source/stm32f4xx_rcc.o
LOAD ./cmsis_lib/source/stm32f4xx_sdio.o
LOAD ./cmsis_lib/source/stm32f4xx_spi.o
LOAD ./cmsis_lib/source/stm32f4xx_syscfg.o
LOAD ./cmsis_lib/source/stm32f4xx_tim.o
LOAD ./cmsis_lib/source/stm32f4xx_usart.o
LOAD ./cmsis_boot/startup/startup_stm32f4xx.o
LOAD ./cmsis_boot/system_stm32f4xx.o
LOAD ./main.o
LOAD /usr/bin/../lib/gcc/arm-none-eabi/4.8.4/../../../../arm-none-eabi/lib/armv7e-m/fpu/libm.a
START GROUP
LOAD /usr/bin/../lib/gcc/arm-none-eabi/4.8.4/armv7e-m/fpu/libgcc.a
LOAD /usr/bin/../lib/gcc/arm-none-eabi/4.8.4/../../../../arm-none-eabi/lib/armv7e-m/fpu/libg.a
LOAD /usr/bin/../lib/gcc/arm-none-eabi/4.8.4/../../../../arm-none-eabi/lib/armv7e-m/fpu/libc.a
END GROUP
LOAD /usr/bin/../lib/gcc/arm-none-eabi/4.8.4/armv7e-m/fpu/crtend.o
LOAD /usr/bin/../lib/gcc/arm-none-eabi/4.8.4/armv7e-m/fpu/crtn.o
                0x000000002001ffff                _estack = 0x2001ffff
                0x0000000000000000                _Min_Heap_Size = 0x0
                0x0000000000000400                _Min_Stack_Size = 0x400

.isr_vector     0x0000000008000000      0x188
                0x0000000008000000                . = ALIGN (0x4)
 *(.isr_vector)
 .isr_vector    0x0000000008000000      0x188 ./cmsis_boot/startup/startup_stm32f4xx.o
                0x0000000008000000                g_pfnVectors
                0x0000000008000188                . = ALIGN (0x4)

.text           0x0000000008000188     0xc63c
                0x0000000008000188                . = ALIGN (0x4)
 *(.text)
 .text          0x0000000008000188       0x54 /usr/bin/../lib/gcc/arm-none-eabi/4.8.4/armv7e-m/fpu/crtbegin.o
 .text          0x00000000080001dc      0x370 /usr/bin/../lib/gcc/arm-none-eabi/4.8.4/armv7e-m/fpu/libgcc.a(_arm_addsubdf3.o)
                0x00000000080001dc                __aeabi_drsub
                0x00000000080001e4                __aeabi_dsub
                0x00000000080001e4                __subdf3
                0x00000000080001e8                __adddf3
                0x00000000080001e8                __aeabi_dadd
                0x0000000008000460                __aeabi_ui2d
                0x0000000008000460                __floatunsidf
                0x0000000008000480                __floatsidf
                0x0000000008000480                __aeabi_i2d
                0x00000000080004a4                __extendsfdf2
                0x00000000080004a4                __aeabi_f2d
                0x00000000080004e0                __aeabi_ul2d
                0x00000000080004e0                __floatundidf
                0x00000000080004f0                __floatdidf
                0x00000000080004f0                __aeabi_l2d
 .text          0x000000000800054c      0x424 /usr/bin/../lib/gcc/arm-none-eabi/4.8.4/armv7e-m/fpu/libgcc.a(_arm_muldivdf3.o)
                0x000000000800054c                __aeabi_dmul
                0x000000000800054c                __muldf3
                0x00000000080007a0                __aeabi_ddiv
                0x00000000080007a0                __divdf3
 .text          0x0000000008000970      0x110 /usr/bin/../lib/gcc/arm-none-eabi/4.8.4/armv7e-m/fpu/libgcc.a(_arm_cmpdf2.o)
                0x0000000008000970                __gtdf2
                0x0000000008000970                __gedf2
                0x0000000008000978                __ltdf2
                0x0000000008000978                __ledf2
                0x0000000008000980                __cmpdf2
                0x0000000008000980                __eqdf2
                0x0000000008000980                __nedf2
                0x00000000080009fc                __aeabi_cdrcmple
                0x0000000008000a0c                __aeabi_cdcmple
                0x0000000008000a0c                __aeabi_cdcmpeq
                0x0000000008000a1c                __aeabi_dcmpeq
                0x0000000008000a30                __aeabi_dcmplt
                0x0000000008000a44                __aeabi_dcmple
                0x0000000008000a58                __aeabi_dcmpge
                0x0000000008000a6c                __aeabi_dcmpgt
 .text          0x0000000008000a80       0x50 /usr/bin/../lib/gcc/arm-none-eabi/4.8.4/armv7e-m/fpu/libgcc.a(_arm_fixdfsi.o)
                0x0000000008000a80                __fixdfsi
                0x0000000008000a80                __aeabi_d2iz
 .text          0x0000000008000ad0      0x134 /usr/bin/../lib/gcc/arm-none-eabi/4.8.4/../../../../arm-none-eabi/lib/armv7e-m/fpu/libg.a(lib_a-memcpy.o)
                0x0000000008000ad0                memcpy
 .text          0x0000000008000c04       0x2c /usr/bin/../lib/gcc/arm-none-eabi/4.8.4/armv7e-m/fpu/libgcc.a(_aeabi_uldivmod.o)
                0x0000000008000c04                __aeabi_uldivmod
 .text          0x0000000008000c30       0x60 /usr/bin/../lib/gcc/arm-none-eabi/4.8.4/armv7e-m/fpu/libgcc.a(bpabi.o)
                0x0000000008000c30                __gnu_ldivmod_helper
                0x0000000008000c60                __gnu_uldivmod_helper
 .text          0x0000000008000c90        0x4 /usr/bin/../lib/gcc/arm-none-eabi/4.8.4/armv7e-m/fpu/libgcc.a(_dvmd_tls.o)
                0x0000000008000c90                __aeabi_ldiv0
                0x0000000008000c90                __aeabi_idiv0
 .text          0x0000000008000c94      0x298 /usr/bin/../lib/gcc/arm-none-eabi/4.8.4/armv7e-m/fpu/libgcc.a(_divdi3.o)
                0x0000000008000c94                __divdi3
 .text          0x0000000008000f2c      0x284 /usr/bin/../lib/gcc/arm-none-eabi/4.8.4/armv7e-m/fpu/libgcc.a(_udivdi3.o)
                0x0000000008000f2c                __udivdi3
 *(.text*)
 .text._sbrk    0x00000000080011b0       0x40 ./syscalls/syscalls.o
                0x00000000080011b0                _sbrk
 .text.touppercase
                0x00000000080011f0       0x88 ./pacabot/src/util/common_functions.o
                0x00000000080011f0                touppercase
 .text.test_hal_adc
                0x0000000008001278       0xb4 ./pacabot/src/tests/hal/test_hal_adc.o
                0x0000000008001278                test_hal_adc
 .text.test_hal_color_sensor
                0x000000000800132c       0x9c ./pacabot/src/tests/hal/test_hal_color_sensor.o
                0x000000000800132c                test_hal_color_sensor
 .text.test_hal_sensor
                0x00000000080013c8      0x19c ./pacabot/src/tests/hal/test_hal_sensor.o
                0x00000000080013c8                test_hal_sensor
 *fill*         0x0000000008001564        0x4 
 .text.test_motor_rotate
                0x0000000008001568       0x80 ./pacabot/src/tests/hal/test_hal_step_motor.o
                0x0000000008001568                test_motor_rotate
 .text.test_step_motor_driver
                0x00000000080015e8       0x80 ./pacabot/src/tests/drivers/test_step_motor_driver.o
                0x00000000080015e8                test_step_motor_driver
 .text.distance_cal
                0x0000000008001668       0x68 ./pacabot/src/tests/calibration/motor_calibration.o
                0x0000000008001668                distance_cal
 .text.ssd1306DrawChar
                0x00000000080016d0      0x15c ./pacabot/src/oled/ssd1306.o
 .text.ssd1306Init
                0x000000000800182c     0x12c4 ./pacabot/src/oled/ssd1306.o
                0x000000000800182c                ssd1306Init
 .text.ssd1306DrawPixel
                0x0000000008002af0       0x60 ./pacabot/src/oled/ssd1306.o
                0x0000000008002af0                ssd1306DrawPixel
 .text.ssd1306ClearPixel
                0x0000000008002b50       0x64 ./pacabot/src/oled/ssd1306.o
                0x0000000008002b50                ssd1306ClearPixel
 .text.ssd1306InvertPixel
                0x0000000008002bb4       0x60 ./pacabot/src/oled/ssd1306.o
                0x0000000008002bb4                ssd1306InvertPixel
 .text.ssd1306ClearScreen
                0x0000000008002c14       0x18 ./pacabot/src/oled/ssd1306.o
                0x0000000008002c14                ssd1306ClearScreen
 .text.ssd1306Refresh
                0x0000000008002c2c      0x298 ./pacabot/src/oled/ssd1306.o
                0x0000000008002c2c                ssd1306Refresh
 .text.ssd1306DrawString
                0x0000000008002ec4       0x58 ./pacabot/src/oled/ssd1306.o
                0x0000000008002ec4                ssd1306DrawString
 .text.ssd1306DrawBmp
                0x0000000008002f1c       0x80 ./pacabot/src/oled/ssd1306.o
                0x0000000008002f1c                ssd1306DrawBmp
 .text.ssd1306FillRect
                0x0000000008002f9c       0x54 ./pacabot/src/oled/ssd1306.o
                0x0000000008002f9c                ssd1306FillRect
 .text.ssd1306InvertArea
                0x0000000008002ff0       0x54 ./pacabot/src/oled/ssd1306.o
                0x0000000008002ff0                ssd1306InvertArea
 .text.ssd1306ClearRect
                0x0000000008003044       0x54 ./pacabot/src/oled/ssd1306.o
                0x0000000008003044                ssd1306ClearRect
 .text.ssd1306DrawRect
                0x0000000008003098       0x90 ./pacabot/src/oled/ssd1306.o
                0x0000000008003098                ssd1306DrawRect
 .text.ssd1306DrawLine
                0x0000000008003128       0xe8 ./pacabot/src/oled/ssd1306.o
                0x0000000008003128                ssd1306DrawLine
 .text.ssd1306ProgressBar
                0x0000000008003210       0x50 ./pacabot/src/oled/ssd1306.o
                0x0000000008003210                ssd1306ProgressBar
 .text.ssd1306_GPIO_Config
                0x0000000008003260       0x58 ./pacabot/src/oled/ssd1306_peripherals.o
                0x0000000008003260                ssd1306_GPIO_Config
 .text.ssd1306_SPI_Config
                0x00000000080032b8       0xb0 ./pacabot/src/oled/ssd1306_peripherals.o
                0x00000000080032b8                ssd1306_SPI_Config
 .text.hal_ui_init
                0x0000000008003368       0x74 ./pacabot/src/hal/hal_ui/hal_ui.o
                0x0000000008003368                hal_ui_init
 .text.hal_ui_open
                0x00000000080033dc       0x28 ./pacabot/src/hal/hal_ui/hal_ui.o
                0x00000000080033dc                hal_ui_open
 .text.hal_ui_refresh
                0x0000000008003404       0x18 ./pacabot/src/hal/hal_ui/hal_ui.o
                0x0000000008003404                hal_ui_refresh
 .text.hal_ui_clear_scr
                0x000000000800341c      0x110 ./pacabot/src/hal/hal_ui/hal_ui.o
                0x000000000800341c                hal_ui_clear_scr
 .text.hal_ui_display_txt
                0x000000000800352c       0x2c ./pacabot/src/hal/hal_ui/hal_ui.o
                0x000000000800352c                hal_ui_display_txt
 .text.hal_ui_display_prompt
                0x0000000008003558       0xa8 ./pacabot/src/hal/hal_ui/hal_ui.o
                0x0000000008003558                hal_ui_display_prompt
 .text.menu_animate
                0x0000000008003600       0x94 ./pacabot/src/hal/hal_ui/hal_ui.o
 .text.hal_ui_display_menu
                0x0000000008003694      0x4c8 ./pacabot/src/hal/hal_ui/hal_ui.o
                0x0000000008003694                hal_ui_display_menu
 .text.hal_ui_modify_bool_param
                0x0000000008003b5c      0x18c ./pacabot/src/hal/hal_ui/hal_ui.o
                0x0000000008003b5c                hal_ui_modify_bool_param
 .text.hal_ui_modify_long_param
                0x0000000008003ce8      0x1ac ./pacabot/src/hal/hal_ui/hal_ui.o
                0x0000000008003ce8                hal_ui_modify_long_param
 .text.RCC_Configuration
                0x0000000008003e94       0x10 ./pacabot/src/hal/hal_ui/hal_ui.o
 .text.GPIO_Configuration
                0x0000000008003ea4       0x2c ./pacabot/src/hal/hal_ui/hal_ui.o
 .text.hal_step_motor_init
                0x0000000008003ed0       0x28 ./pacabot/src/hal/hal_step_motor/hal_step_motor.o
                0x0000000008003ed0                hal_step_motor_init
 .text.hal_step_motor_open
                0x0000000008003ef8      0x200 ./pacabot/src/hal/hal_step_motor/hal_step_motor.o
                0x0000000008003ef8                hal_step_motor_open
 .text.hal_step_motor_enable
                0x00000000080040f8       0x38 ./pacabot/src/hal/hal_step_motor/hal_step_motor.o
                0x00000000080040f8                hal_step_motor_enable
 .text.hal_step_motor_disable
                0x0000000008004130       0x20 ./pacabot/src/hal/hal_step_motor/hal_step_motor.o
                0x0000000008004130                hal_step_motor_disable
 .text.hal_step_motor_wakeup
                0x0000000008004150       0x1c ./pacabot/src/hal/hal_step_motor/hal_step_motor.o
                0x0000000008004150                hal_step_motor_wakeup
 .text.hal_step_motor_sleep
                0x000000000800416c       0x1c ./pacabot/src/hal/hal_step_motor/hal_step_motor.o
                0x000000000800416c                hal_step_motor_sleep
 .text.hal_step_motor_get_freq
                0x0000000008004188       0x1c ./pacabot/src/hal/hal_step_motor/hal_step_motor.o
                0x0000000008004188                hal_step_motor_get_freq
 .text.hal_step_motor_set_freq
                0x00000000080041a4       0x9c ./pacabot/src/hal/hal_step_motor/hal_step_motor.o
                0x00000000080041a4                hal_step_motor_set_freq
 .text.hal_step_motor_set_resolution
                0x0000000008004240       0xd4 ./pacabot/src/hal/hal_step_motor/hal_step_motor.o
                0x0000000008004240                hal_step_motor_set_resolution
 .text.hal_step_motor_set_direction
                0x0000000008004314       0x54 ./pacabot/src/hal/hal_step_motor/hal_step_motor.o
                0x0000000008004314                hal_step_motor_set_direction
 .text.hal_step_motor_get_counter
                0x0000000008004368       0x1c ./pacabot/src/hal/hal_step_motor/hal_step_motor.o
                0x0000000008004368                hal_step_motor_get_counter
 .text.hal_step_motor_set_acceleration
                0x0000000008004384       0x24 ./pacabot/src/hal/hal_step_motor/hal_step_motor.o
                0x0000000008004384                hal_step_motor_set_acceleration
 .text.hal_step_motor_accelerate
                0x00000000080043a8       0x28 ./pacabot/src/hal/hal_step_motor/hal_step_motor.o
                0x00000000080043a8                hal_step_motor_accelerate
 .text.hal_step_motor_decelerate
                0x00000000080043d0       0x1c ./pacabot/src/hal/hal_step_motor/hal_step_motor.o
                0x00000000080043d0                hal_step_motor_decelerate
 .text.hal_step_motor_maintain
                0x00000000080043ec       0x1c ./pacabot/src/hal/hal_step_motor/hal_step_motor.o
                0x00000000080043ec                hal_step_motor_maintain
 .text.RCC_Configuration
                0x0000000008004408       0x18 ./pacabot/src/hal/hal_step_motor/hal_step_motor.o
 .text.GPIO_Configuration
                0x0000000008004420       0x9c ./pacabot/src/hal/hal_step_motor/hal_step_motor.o
 .text.NVIC_Configuration
                0x00000000080044bc       0x38 ./pacabot/src/hal/hal_step_motor/hal_step_motor.o
 *fill*         0x00000000080044f4        0x4 
 .text.TIM2_IRQHandler
                0x00000000080044f8      0x130 ./pacabot/src/hal/hal_step_motor/hal_step_motor.o
                0x00000000080044f8                TIM2_IRQHandler
 .text.TIM3_IRQHandler
                0x0000000008004628      0x138 ./pacabot/src/hal/hal_step_motor/hal_step_motor.o
                0x0000000008004628                TIM3_IRQHandler
 .text.hal_serial_init
                0x0000000008004760       0x18 ./pacabot/src/hal/hal_serial/hal_serial.o
                0x0000000008004760                hal_serial_init
 .text.hal_serial_open
                0x0000000008004778      0x14c ./pacabot/src/hal/hal_serial/hal_serial.o
                0x0000000008004778                hal_serial_open
 .text.GPIO_Configuration
                0x00000000080048c4       0x78 ./pacabot/src/hal/hal_serial/hal_serial.o
 .text.hal_sensor_init
                0x000000000800493c       0x60 ./pacabot/src/hal/hal_sensor/hal_sensor.o
                0x000000000800493c                hal_sensor_init
 .text.hal_sensor_open
                0x000000000800499c       0x24 ./pacabot/src/hal/hal_sensor/hal_sensor.o
                0x000000000800499c                hal_sensor_open
 .text.hal_sensor_get_state
                0x00000000080049c0       0x20 ./pacabot/src/hal/hal_sensor/hal_sensor.o
                0x00000000080049c0                hal_sensor_get_state
 .text.hal_sensor_get_color
                0x00000000080049e0       0x78 ./pacabot/src/hal/hal_sensor/hal_sensor.o
                0x00000000080049e0                hal_sensor_get_color
 .text.NVIC_Configuration
                0x0000000008004a58       0x24 ./pacabot/src/hal/hal_sensor/hal_sensor.o
 .text.RCC_Configuration
                0x0000000008004a7c       0x20 ./pacabot/src/hal/hal_sensor/hal_sensor.o
 .text.GPIO_Configuration
                0x0000000008004a9c       0x54 ./pacabot/src/hal/hal_sensor/hal_sensor.o
 .text.TIM6_DAC_IRQHandler
                0x0000000008004af0       0xc0 ./pacabot/src/hal/hal_sensor/hal_sensor.o
                0x0000000008004af0                TIM6_DAC_IRQHandler
 .text.hal_pid_init
                0x0000000008004bb0       0x2c ./pacabot/src/hal/hal_pid/hal_pid.o
                0x0000000008004bb0                hal_pid_init
 .text.hal_pid_open
                0x0000000008004bdc       0x58 ./pacabot/src/hal/hal_pid/hal_pid.o
                0x0000000008004bdc                hal_pid_open
 .text.hal_pid_left_get_count
                0x0000000008004c34       0x18 ./pacabot/src/hal/hal_pid/hal_pid.o
                0x0000000008004c34                hal_pid_left_get_count
 .text.hal_pid_right_get_count
                0x0000000008004c4c       0x18 ./pacabot/src/hal/hal_pid/hal_pid.o
                0x0000000008004c4c                hal_pid_right_get_count
 .text.hal_pid_left_set_count
                0x0000000008004c64       0x20 ./pacabot/src/hal/hal_pid/hal_pid.o
                0x0000000008004c64                hal_pid_left_set_count
 .text.hal_pid_right_set_count
                0x0000000008004c84       0x20 ./pacabot/src/hal/hal_pid/hal_pid.o
                0x0000000008004c84                hal_pid_right_set_count
 .text.hal_pid_left_get_old_count
                0x0000000008004ca4       0x18 ./pacabot/src/hal/hal_pid/hal_pid.o
                0x0000000008004ca4                hal_pid_left_get_old_count
 .text.hal_pid_right_get_old_count
                0x0000000008004cbc       0x18 ./pacabot/src/hal/hal_pid/hal_pid.o
                0x0000000008004cbc                hal_pid_right_get_old_count
 .text.hal_pid_left_set_old_count
                0x0000000008004cd4       0x20 ./pacabot/src/hal/hal_pid/hal_pid.o
                0x0000000008004cd4                hal_pid_left_set_old_count
 .text.hal_pid_right_set_old_count
                0x0000000008004cf4       0x20 ./pacabot/src/hal/hal_pid/hal_pid.o
                0x0000000008004cf4                hal_pid_right_set_old_count
 .text.hal_pid_get_type_correction
                0x0000000008004d14       0x18 ./pacabot/src/hal/hal_pid/hal_pid.o
                0x0000000008004d14                hal_pid_get_type_correction
 .text.hal_pid_set_type_correction
                0x0000000008004d2c       0x20 ./pacabot/src/hal/hal_pid/hal_pid.o
                0x0000000008004d2c                hal_pid_set_type_correction
 .text.hal_pid_get_wall_correction
                0x0000000008004d4c       0x18 ./pacabot/src/hal/hal_pid/hal_pid.o
                0x0000000008004d4c                hal_pid_get_wall_correction
 .text.hal_pid_set_wall_correction
                0x0000000008004d64       0x20 ./pacabot/src/hal/hal_pid/hal_pid.o
                0x0000000008004d64                hal_pid_set_wall_correction
 .text.RCC_Configuration
                0x0000000008004d84       0x10 ./pacabot/src/hal/hal_pid/hal_pid.o
 .text.NVIC_Configuration
                0x0000000008004d94       0x24 ./pacabot/src/hal/hal_pid/hal_pid.o
 .text.TIM5_IRQHandler
                0x0000000008004db8       0x74 ./pacabot/src/hal/hal_pid/hal_pid.o
                0x0000000008004db8                TIM5_IRQHandler
 .text.NVIC_SetPriority
                0x0000000008004e2c       0x54 ./pacabot/src/hal/hal_os/hal_os.o
 .text.SysTick_Config
                0x0000000008004e80       0x44 ./pacabot/src/hal/hal_os/hal_os.o
 .text.hal_os_init
                0x0000000008004ec4       0x78 ./pacabot/src/hal/hal_os/hal_os.o
                0x0000000008004ec4                hal_os_init
 .text.hal_os_get_systicks
                0x0000000008004f3c       0x18 ./pacabot/src/hal/hal_os/hal_os.o
                0x0000000008004f3c                hal_os_get_systicks
 .text.hal_os_sleep
                0x0000000008004f54       0x34 ./pacabot/src/hal/hal_os/hal_os.o
                0x0000000008004f54                hal_os_sleep
 .text.SysTick_Handler
                0x0000000008004f88       0x1c ./pacabot/src/hal/hal_os/hal_os.o
                0x0000000008004f88                SysTick_Handler
 .text.hal_nvm_init
                0x0000000008004fa4       0x10 ./pacabot/src/hal/hal_nvm/hal_nvm.o
                0x0000000008004fa4                hal_nvm_init
 .text.hal_nvm_open
                0x0000000008004fb4       0x24 ./pacabot/src/hal/hal_nvm/hal_nvm.o
                0x0000000008004fb4                hal_nvm_open
 .text.hal_nvm_write
                0x0000000008004fd8       0x4c ./pacabot/src/hal/hal_nvm/hal_nvm.o
                0x0000000008004fd8                hal_nvm_write
 .text.hal_led_init
                0x0000000008005024       0x14 ./pacabot/src/hal/hal_led/hal_led.o
                0x0000000008005024                hal_led_init
 .text.hal_led_open
                0x0000000008005038       0x24 ./pacabot/src/hal/hal_led/hal_led.o
                0x0000000008005038                hal_led_open
 .text.hal_led_set_state
                0x000000000800505c       0x4c ./pacabot/src/hal/hal_led/hal_led.o
                0x000000000800505c                hal_led_set_state
 .text.RCC_Configuration
                0x00000000080050a8       0x10 ./pacabot/src/hal/hal_led/hal_led.o
 .text.GPIO_Configuration
                0x00000000080050b8       0x2c ./pacabot/src/hal/hal_led/hal_led.o
 .text.hal_beeper_init
                0x00000000080050e4       0x58 ./pacabot/src/hal/hal_beeper/hal_beeper.o
                0x00000000080050e4                hal_beeper_init
 .text.hal_beeper_open
                0x000000000800513c       0x78 ./pacabot/src/hal/hal_beeper/hal_beeper.o
                0x000000000800513c                hal_beeper_open
 .text.hal_beeper_beep
                0x00000000080051b4       0xec ./pacabot/src/hal/hal_beeper/hal_beeper.o
                0x00000000080051b4                hal_beeper_beep
 .text.RCC_Configuration
                0x00000000080052a0       0x18 ./pacabot/src/hal/hal_beeper/hal_beeper.o
 .text.GPIO_Configuration
                0x00000000080052b8       0x38 ./pacabot/src/hal/hal_beeper/hal_beeper.o
 .text.hal_adc_init
                0x00000000080052f0       0x20 ./pacabot/src/hal/hal_adc/hal_adc.o
                0x00000000080052f0                hal_adc_init
 .text.hal_adc_open
                0x0000000008005310       0xf8 ./pacabot/src/hal/hal_adc/hal_adc.o
                0x0000000008005310                hal_adc_open
 .text.hal_adc_get_value
                0x0000000008005408       0x4c ./pacabot/src/hal/hal_adc/hal_adc.o
                0x0000000008005408                hal_adc_get_value
 .text.RCC_Configuration
                0x0000000008005454       0x1c ./pacabot/src/hal/hal_adc/hal_adc.o
 .text.GPIO_Configuration
                0x0000000008005470       0x28 ./pacabot/src/hal/hal_adc/hal_adc.o
 .text.step_motors_init
                0x0000000008005498       0x70 ./pacabot/src/drivers/step_motor_driver.o
                0x0000000008005498                step_motors_init
 .text.step_motors_move
                0x0000000008005508      0x268 ./pacabot/src/drivers/step_motor_driver.o
                0x0000000008005508                step_motors_move
 .text.step_motors_curve_rotate
                0x0000000008005770      0x268 ./pacabot/src/drivers/step_motor_driver.o
                0x0000000008005770                step_motors_curve_rotate
 .text.step_motors_rotate_in_place
                0x00000000080059d8      0x1b0 ./pacabot/src/drivers/step_motor_driver.o
                0x00000000080059d8                step_motors_rotate_in_place
 .text.step_motors_stop
                0x0000000008005b88       0xa0 ./pacabot/src/drivers/step_motor_driver.o
 .text.step_motors_accelerate
                0x0000000008005c28      0x2c0 ./pacabot/src/drivers/step_motor_driver.o
 .text.step_motors_decelerate
                0x0000000008005ee8      0x210 ./pacabot/src/drivers/step_motor_driver.o
 .text.step_motors_maintain
                0x00000000080060f8      0x200 ./pacabot/src/drivers/step_motor_driver.o
 .text.step_motors_correction
                0x00000000080062f8      0x4cc ./pacabot/src/drivers/step_motor_driver.o
 .text.wait_validation
                0x00000000080067c4       0x8c ./pacabot/src/app/maze.o
 .text.sensor_calibrate
                0x0000000008006850      0x228 ./pacabot/src/app/maze.o
                0x0000000008006850                sensor_calibrate
 .text.maze     0x0000000008006a78       0x20 ./pacabot/src/app/maze.o
                0x0000000008006a78                maze
 .text.affiche_orientation_zhonx
                0x0000000008006a98       0x88 ./pacabot/src/app/maze.o
                0x0000000008006a98                affiche_orientation_zhonx
 .text.test_colin_deplacement
                0x0000000008006b20      0x1dc ./pacabot/src/app/maze.o
                0x0000000008006b20                test_colin_deplacement
 *fill*         0x0000000008006cfc        0x4 
 .text.move_zhonx
                0x0000000008006d00      0x188 ./pacabot/src/app/maze.o
                0x0000000008006d00                move_zhonx
 .text.display_main_menu
                0x0000000008006e88       0x28 ./pacabot/src/app/menus.o
                0x0000000008006e88                display_main_menu
 .text.display_parameters
                0x0000000008006eb0       0x3c ./pacabot/src/app/menus.o
                0x0000000008006eb0                display_parameters
 .text.display_motion_settings
                0x0000000008006eec       0x3c ./pacabot/src/app/menus.o
                0x0000000008006eec                display_motion_settings
 .text.display_PID_settings
                0x0000000008006f28       0x3c ./pacabot/src/app/menus.o
                0x0000000008006f28                display_PID_settings
 .text.display_sensor_settings
                0x0000000008006f64       0x3c ./pacabot/src/app/menus.o
                0x0000000008006f64                display_sensor_settings
 .text.display_save_settings
                0x0000000008006fa0       0x90 ./pacabot/src/app/menus.o
                0x0000000008006fa0                display_save_settings
 .text.display_restore_settings
                0x0000000008007030       0x94 ./pacabot/src/app/menus.o
                0x0000000008007030                display_restore_settings
 .text.display_tests_menu
                0x00000000080070c4       0x3c ./pacabot/src/app/menus.o
                0x00000000080070c4                display_tests_menu
 .text.display_motor_menu
                0x0000000008007100       0x3c ./pacabot/src/app/menus.o
                0x0000000008007100                display_motor_menu
 .text.display_maze_menu
                0x000000000800713c       0x3c ./pacabot/src/app/menus.o
                0x000000000800713c                display_maze_menu
 .text.display_trajectory_menu
                0x0000000008007178       0x74 ./pacabot/src/app/menus.o
                0x0000000008007178                display_trajectory_menu
 .text.display_restore_maze_menu
                0x00000000080071ec       0x84 ./pacabot/src/app/menus.o
                0x00000000080071ec                display_restore_maze_menu
 .text.NVIC_Init
                0x0000000008007270       0xbc ./cmsis_lib/source/misc.o
                0x0000000008007270                NVIC_Init
 .text.ADC_Init
                0x000000000800732c       0xa8 ./cmsis_lib/source/stm32f4xx_adc.o
                0x000000000800732c                ADC_Init
 .text.ADC_CommonInit
                0x00000000080073d4       0x50 ./cmsis_lib/source/stm32f4xx_adc.o
                0x00000000080073d4                ADC_CommonInit
 .text.ADC_Cmd  0x0000000008007424       0x38 ./cmsis_lib/source/stm32f4xx_adc.o
                0x0000000008007424                ADC_Cmd
 .text.ADC_RegularChannelConfig
                0x000000000800745c      0x188 ./cmsis_lib/source/stm32f4xx_adc.o
                0x000000000800745c                ADC_RegularChannelConfig
 .text.ADC_SoftwareStartConv
                0x00000000080075e4       0x20 ./cmsis_lib/source/stm32f4xx_adc.o
                0x00000000080075e4                ADC_SoftwareStartConv
 .text.ADC_DMACmd
                0x0000000008007604       0x38 ./cmsis_lib/source/stm32f4xx_adc.o
                0x0000000008007604                ADC_DMACmd
 .text.ADC_DMARequestAfterLastTransferCmd
                0x000000000800763c       0x38 ./cmsis_lib/source/stm32f4xx_adc.o
                0x000000000800763c                ADC_DMARequestAfterLastTransferCmd
 .text.DMA_DeInit
                0x0000000008007674      0x1a4 ./cmsis_lib/source/stm32f4xx_dma.o
                0x0000000008007674                DMA_DeInit
 .text.DMA_Init
                0x0000000008007818       0xac ./cmsis_lib/source/stm32f4xx_dma.o
                0x0000000008007818                DMA_Init
 .text.DMA_Cmd  0x00000000080078c4       0x38 ./cmsis_lib/source/stm32f4xx_dma.o
                0x00000000080078c4                DMA_Cmd
 .text.FLASH_Unlock
                0x00000000080078fc       0x2c ./cmsis_lib/source/stm32f4xx_flash.o
                0x00000000080078fc                FLASH_Unlock
 .text.FLASH_Lock
                0x0000000008007928       0x1c ./cmsis_lib/source/stm32f4xx_flash.o
                0x0000000008007928                FLASH_Lock
 .text.FLASH_ProgramByte
                0x0000000008007944       0x68 ./cmsis_lib/source/stm32f4xx_flash.o
                0x0000000008007944                FLASH_ProgramByte
 .text.FLASH_GetStatus
                0x00000000080079ac       0x68 ./cmsis_lib/source/stm32f4xx_flash.o
                0x00000000080079ac                FLASH_GetStatus
 .text.FLASH_WaitForLastOperation
                0x0000000008007a14       0x30 ./cmsis_lib/source/stm32f4xx_flash.o
                0x0000000008007a14                FLASH_WaitForLastOperation
 .text.GPIO_Init
                0x0000000008007a44      0x11c ./cmsis_lib/source/stm32f4xx_gpio.o
                0x0000000008007a44                GPIO_Init
 .text.GPIO_ReadInputDataBit
                0x0000000008007b60       0x34 ./cmsis_lib/source/stm32f4xx_gpio.o
                0x0000000008007b60                GPIO_ReadInputDataBit
 .text.GPIO_SetBits
                0x0000000008007b94       0x1c ./cmsis_lib/source/stm32f4xx_gpio.o
                0x0000000008007b94                GPIO_SetBits
 .text.GPIO_ResetBits
                0x0000000008007bb0       0x1c ./cmsis_lib/source/stm32f4xx_gpio.o
                0x0000000008007bb0                GPIO_ResetBits
 .text.GPIO_WriteBit
                0x0000000008007bcc       0x30 ./cmsis_lib/source/stm32f4xx_gpio.o
                0x0000000008007bcc                GPIO_WriteBit
 .text.GPIO_PinAFConfig
                0x0000000008007bfc       0x8c ./cmsis_lib/source/stm32f4xx_gpio.o
                0x0000000008007bfc                GPIO_PinAFConfig
 .text.RCC_HSEConfig
                0x0000000008007c88       0x24 ./cmsis_lib/source/stm32f4xx_rcc.o
                0x0000000008007c88                RCC_HSEConfig
 .text.RCC_WaitForHSEStartUp
                0x0000000008007cac       0x50 ./cmsis_lib/source/stm32f4xx_rcc.o
                0x0000000008007cac                RCC_WaitForHSEStartUp
 .text.RCC_GetClocksFreq
                0x0000000008007cfc      0x154 ./cmsis_lib/source/stm32f4xx_rcc.o
                0x0000000008007cfc                RCC_GetClocksFreq
 .text.RCC_AHB1PeriphClockCmd
                0x0000000008007e50       0x3c ./cmsis_lib/source/stm32f4xx_rcc.o
                0x0000000008007e50                RCC_AHB1PeriphClockCmd
 .text.RCC_APB1PeriphClockCmd
                0x0000000008007e8c       0x3c ./cmsis_lib/source/stm32f4xx_rcc.o
                0x0000000008007e8c                RCC_APB1PeriphClockCmd
 .text.RCC_APB2PeriphClockCmd
                0x0000000008007ec8       0x3c ./cmsis_lib/source/stm32f4xx_rcc.o
                0x0000000008007ec8                RCC_APB2PeriphClockCmd
 .text.RCC_APB1PeriphResetCmd
                0x0000000008007f04       0x3c ./cmsis_lib/source/stm32f4xx_rcc.o
                0x0000000008007f04                RCC_APB1PeriphResetCmd
 .text.RCC_APB2PeriphResetCmd
                0x0000000008007f40       0x3c ./cmsis_lib/source/stm32f4xx_rcc.o
                0x0000000008007f40                RCC_APB2PeriphResetCmd
 .text.RCC_GetFlagStatus
                0x0000000008007f7c       0x74 ./cmsis_lib/source/stm32f4xx_rcc.o
                0x0000000008007f7c                RCC_GetFlagStatus
 .text.SPI_I2S_DeInit
                0x0000000008007ff0       0x74 ./cmsis_lib/source/stm32f4xx_spi.o
                0x0000000008007ff0                SPI_I2S_DeInit
 .text.SPI_Init
                0x0000000008008064       0x88 ./cmsis_lib/source/stm32f4xx_spi.o
                0x0000000008008064                SPI_Init
 .text.SPI_Cmd  0x00000000080080ec       0x40 ./cmsis_lib/source/stm32f4xx_spi.o
                0x00000000080080ec                SPI_Cmd
 .text.SPI_I2S_SendData
                0x000000000800812c       0x1c ./cmsis_lib/source/stm32f4xx_spi.o
                0x000000000800812c                SPI_I2S_SendData
 .text.SPI_I2S_GetFlagStatus
                0x0000000008008148       0x38 ./cmsis_lib/source/stm32f4xx_spi.o
                0x0000000008008148                SPI_I2S_GetFlagStatus
 .text.TIM_TimeBaseInit
                0x0000000008008180       0xd4 ./cmsis_lib/source/stm32f4xx_tim.o
                0x0000000008008180                TIM_TimeBaseInit
 .text.TIM_SetAutoreload
                0x0000000008008254       0x1c ./cmsis_lib/source/stm32f4xx_tim.o
                0x0000000008008254                TIM_SetAutoreload
 .text.TIM_ARRPreloadConfig
                0x0000000008008270       0x40 ./cmsis_lib/source/stm32f4xx_tim.o
                0x0000000008008270                TIM_ARRPreloadConfig
 .text.TIM_Cmd  0x00000000080082b0       0x40 ./cmsis_lib/source/stm32f4xx_tim.o
                0x00000000080082b0                TIM_Cmd
 .text.TIM_OC2Init
                0x00000000080082f0      0x110 ./cmsis_lib/source/stm32f4xx_tim.o
                0x00000000080082f0                TIM_OC2Init
 .text.TIM_OC3Init
                0x0000000008008400      0x10c ./cmsis_lib/source/stm32f4xx_tim.o
                0x0000000008008400                TIM_OC3Init
 .text.TIM_OCStructInit
                0x000000000800850c       0x44 ./cmsis_lib/source/stm32f4xx_tim.o
                0x000000000800850c                TIM_OCStructInit
 .text.TIM_OC3PreloadConfig
                0x0000000008008550       0x38 ./cmsis_lib/source/stm32f4xx_tim.o
                0x0000000008008550                TIM_OC3PreloadConfig
 .text.TIM_ITConfig
                0x0000000008008588       0x48 ./cmsis_lib/source/stm32f4xx_tim.o
                0x0000000008008588                TIM_ITConfig
 .text.TIM_GetFlagStatus
                0x00000000080085d0       0x38 ./cmsis_lib/source/stm32f4xx_tim.o
                0x00000000080085d0                TIM_GetFlagStatus
 .text.TIM_ClearFlag
                0x0000000008008608       0x20 ./cmsis_lib/source/stm32f4xx_tim.o
                0x0000000008008608                TIM_ClearFlag
 .text.USART_Init
                0x0000000008008628      0x174 ./cmsis_lib/source/stm32f4xx_usart.o
                0x0000000008008628                USART_Init
 .text.USART_Cmd
                0x000000000800879c       0x40 ./cmsis_lib/source/stm32f4xx_usart.o
                0x000000000800879c                USART_Cmd
 .text.USART_GetFlagStatus
                0x00000000080087dc       0x38 ./cmsis_lib/source/stm32f4xx_usart.o
                0x00000000080087dc                USART_GetFlagStatus
 .text.Default_Reset_Handler
                0x0000000008008814       0x6c ./cmsis_boot/startup/startup_stm32f4xx.o
                0x0000000008008814                Reset_Handler
                0x0000000008008814                Default_Reset_Handler
 .text.Default_Handler
                0x0000000008008880        0x8 ./cmsis_boot/startup/startup_stm32f4xx.o
                0x0000000008008880                RTC_Alarm_IRQHandler
                0x0000000008008880                HASH_RNG_IRQHandler
                0x0000000008008880                EXTI2_IRQHandler
                0x0000000008008880                TIM8_CC_IRQHandler
                0x0000000008008880                DebugMon_Handler
                0x0000000008008880                TIM1_CC_IRQHandler
                0x0000000008008880                DMA2_Stream5_IRQHandler
                0x0000000008008880                HardFault_Handler
                0x0000000008008880                DMA1_Stream5_IRQHandler
                0x0000000008008880                PVD_IRQHandler
                0x0000000008008880                SDIO_IRQHandler
                0x0000000008008880                TAMP_STAMP_IRQHandler
                0x0000000008008880                PendSV_Handler
                0x0000000008008880                NMI_Handler
                0x0000000008008880                CAN2_RX1_IRQHandler
                0x0000000008008880                EXTI3_IRQHandler
                0x0000000008008880                TIM8_TRG_COM_TIM14_IRQHandler
                0x0000000008008880                TIM1_UP_TIM10_IRQHandler
                0x0000000008008880                TIM8_UP_TIM13_IRQHandler
                0x0000000008008880                I2C3_ER_IRQHandler
                0x0000000008008880                EXTI0_IRQHandler
                0x0000000008008880                I2C2_EV_IRQHandler
                0x0000000008008880                DMA1_Stream2_IRQHandler
                0x0000000008008880                CAN1_RX0_IRQHandler
                0x0000000008008880                FPU_IRQHandler
                0x0000000008008880                OTG_HS_WKUP_IRQHandler
                0x0000000008008880                UsageFault_Handler
                0x0000000008008880                CAN2_SCE_IRQHandler
                0x0000000008008880                DMA2_Stream2_IRQHandler
                0x0000000008008880                SPI1_IRQHandler
                0x0000000008008880                TIM1_BRK_TIM9_IRQHandler
                0x0000000008008880                DCMI_IRQHandler
                0x0000000008008880                CAN2_RX0_IRQHandler
                0x0000000008008880                DMA2_Stream3_IRQHandler
                0x0000000008008880                USART6_IRQHandler
                0x0000000008008880                USART3_IRQHandler
                0x0000000008008880                CRYP_IRQHandler
                0x0000000008008880                CAN1_RX1_IRQHandler
                0x0000000008008880                UART5_IRQHandler
                0x0000000008008880                DMA2_Stream0_IRQHandler
                0x0000000008008880                TIM4_IRQHandler
                0x0000000008008880                I2C1_EV_IRQHandler
                0x0000000008008880                DMA1_Stream6_IRQHandler
                0x0000000008008880                DMA1_Stream1_IRQHandler
                0x0000000008008880                UART4_IRQHandler
                0x0000000008008880                RCC_IRQHandler
                0x0000000008008880                TIM8_BRK_TIM12_IRQHandler
                0x0000000008008880                EXTI15_10_IRQHandler
                0x0000000008008880                ADC_IRQHandler
                0x0000000008008880                DMA1_Stream7_IRQHandler
                0x0000000008008880                TIM7_IRQHandler
                0x0000000008008880                CAN2_TX_IRQHandler
                0x0000000008008880                DMA2_Stream7_IRQHandler
                0x0000000008008880                I2C3_EV_IRQHandler
                0x0000000008008880                EXTI9_5_IRQHandler
                0x0000000008008880                RTC_WKUP_IRQHandler
                0x0000000008008880                ETH_WKUP_IRQHandler
                0x0000000008008880                SPI2_IRQHandler
                0x0000000008008880                OTG_HS_EP1_IN_IRQHandler
                0x0000000008008880                MemManage_Handler
                0x0000000008008880                DMA1_Stream0_IRQHandler
                0x0000000008008880                CAN1_TX_IRQHandler
                0x0000000008008880                SVC_Handler
                0x0000000008008880                EXTI4_IRQHandler
                0x0000000008008880                FSMC_IRQHandler
                0x0000000008008880                ETH_IRQHandler
                0x0000000008008880                OTG_HS_EP1_OUT_IRQHandler
                0x0000000008008880                WWDG_IRQHandler
                0x0000000008008880                OTG_FS_WKUP_IRQHandler
                0x0000000008008880                TIM1_TRG_COM_TIM11_IRQHandler
                0x0000000008008880                OTG_HS_IRQHandler
                0x0000000008008880                EXTI1_IRQHandler
                0x0000000008008880                USART2_IRQHandler
                0x0000000008008880                I2C2_ER_IRQHandler
                0x0000000008008880                DMA2_Stream1_IRQHandler
                0x0000000008008880                CAN1_SCE_IRQHandler
                0x0000000008008880                FLASH_IRQHandler
                0x0000000008008880                DMA2_Stream4_IRQHandler
                0x0000000008008880                BusFault_Handler
                0x0000000008008880                USART1_IRQHandler
                0x0000000008008880                OTG_FS_IRQHandler
                0x0000000008008880                SPI3_IRQHandler
                0x0000000008008880                DMA1_Stream4_IRQHandler
                0x0000000008008880                I2C1_ER_IRQHandler
                0x0000000008008880                DMA2_Stream6_IRQHandler
                0x0000000008008880                DMA1_Stream3_IRQHandler
 .text.SystemInit
                0x0000000008008888       0x68 ./cmsis_boot/system_stm32f4xx.o
                0x0000000008008888                SystemInit
 .text.SetSysClock
                0x00000000080088f0      0x128 ./cmsis_boot/system_stm32f4xx.o
 .text.main     0x0000000008008a18       0x28 ./main.o
                0x0000000008008a18                main
 .text.app_initialization
                0x0000000008008a40      0x190 ./main.o
 .text.lround   0x0000000008008bd0       0x9c /usr/bin/../lib/gcc/arm-none-eabi/4.8.4/../../../../arm-none-eabi/lib/armv7e-m/fpu/libm.a(lib_a-s_lround.o)
                0x0000000008008bd0                lround
 .text._calloc_r
                0x0000000008008c6c       0x60 /usr/bin/../lib/gcc/arm-none-eabi/4.8.4/../../../../arm-none-eabi/lib/armv7e-m/fpu/libg.a(lib_a-callocr.o)
                0x0000000008008c6c                _calloc_r
 .text.malloc   0x0000000008008ccc       0x10 /usr/bin/../lib/gcc/arm-none-eabi/4.8.4/../../../../arm-none-eabi/lib/armv7e-m/fpu/libg.a(lib_a-malloc.o)
                0x0000000008008ccc                malloc
 .text._malloc_r
                0x0000000008008cdc      0x538 /usr/bin/../lib/gcc/arm-none-eabi/4.8.4/../../../../arm-none-eabi/lib/armv7e-m/fpu/libg.a(lib_a-mallocr.o)
                0x0000000008008cdc                _malloc_r
 .text.memset   0x0000000008009214       0x94 /usr/bin/../lib/gcc/arm-none-eabi/4.8.4/../../../../arm-none-eabi/lib/armv7e-m/fpu/libg.a(lib_a-memset.o)
                0x0000000008009214                memset
 .text.__malloc_lock
                0x00000000080092a8        0x4 /usr/bin/../lib/gcc/arm-none-eabi/4.8.4/../../../../arm-none-eabi/lib/armv7e-m/fpu/libg.a(lib_a-mlock.o)
                0x00000000080092a8                __malloc_lock
 .text.__malloc_unlock
                0x00000000080092ac        0x4 /usr/bin/../lib/gcc/arm-none-eabi/4.8.4/../../../../arm-none-eabi/lib/armv7e-m/fpu/libg.a(lib_a-mlock.o)
                0x00000000080092ac                __malloc_unlock
 .text._sbrk_r  0x00000000080092b0       0x24 /usr/bin/../lib/gcc/arm-none-eabi/4.8.4/../../../../arm-none-eabi/lib/armv7e-m/fpu/libg.a(lib_a-sbrkr.o)
                0x00000000080092b0                _sbrk_r
 .text.sprintf  0x00000000080092d4       0x4c /usr/bin/../lib/gcc/arm-none-eabi/4.8.4/../../../../arm-none-eabi/lib/armv7e-m/fpu/libg.a(lib_a-sprintf.o)
                0x00000000080092d4                sprintf
 .text.strlen   0x0000000008009320       0x60 /usr/bin/../lib/gcc/arm-none-eabi/4.8.4/../../../../arm-none-eabi/lib/armv7e-m/fpu/libg.a(lib_a-strlen.o)
                0x0000000008009320                strlen
 .text._svfprintf_r
                0x0000000008009380     0x14f0 /usr/bin/../lib/gcc/arm-none-eabi/4.8.4/../../../../arm-none-eabi/lib/armv7e-m/fpu/libg.a(lib_a-svfprintf.o)
                0x0000000008009380                _svfprintf_r
 .text.startup.register_fini
                0x000000000800a870       0x14 /usr/bin/../lib/gcc/arm-none-eabi/4.8.4/../../../../arm-none-eabi/lib/armv7e-m/fpu/libg.a(lib_a-__call_atexit.o)
 .text.atexit   0x000000000800a884        0xc /usr/bin/../lib/gcc/arm-none-eabi/4.8.4/../../../../arm-none-eabi/lib/armv7e-m/fpu/libg.a(lib_a-atexit.o)
                0x000000000800a884                atexit
 .text.quorem   0x000000000800a890      0x130 /usr/bin/../lib/gcc/arm-none-eabi/4.8.4/../../../../arm-none-eabi/lib/armv7e-m/fpu/libg.a(lib_a-dtoa.o)
 .text._dtoa_r  0x000000000800a9c0      0xe58 /usr/bin/../lib/gcc/arm-none-eabi/4.8.4/../../../../arm-none-eabi/lib/armv7e-m/fpu/libg.a(lib_a-dtoa.o)
                0x000000000800a9c0                _dtoa_r
 .text.__libc_fini_array
                0x000000000800b818       0x30 /usr/bin/../lib/gcc/arm-none-eabi/4.8.4/../../../../arm-none-eabi/lib/armv7e-m/fpu/libg.a(lib_a-fini.o)
                0x000000000800b818                __libc_fini_array
 .text._malloc_trim_r
                0x000000000800b848       0x9c /usr/bin/../lib/gcc/arm-none-eabi/4.8.4/../../../../arm-none-eabi/lib/armv7e-m/fpu/libg.a(lib_a-freer.o)
                0x000000000800b848                _malloc_trim_r
 .text._free_r  0x000000000800b8e4      0x19c /usr/bin/../lib/gcc/arm-none-eabi/4.8.4/../../../../arm-none-eabi/lib/armv7e-m/fpu/libg.a(lib_a-freer.o)
                0x000000000800b8e4                _free_r
 .text._localeconv_r
                0x000000000800ba80        0x8 /usr/bin/../lib/gcc/arm-none-eabi/4.8.4/../../../../arm-none-eabi/lib/armv7e-m/fpu/libg.a(lib_a-locale.o)
                0x000000000800ba80                _localeconv_r
 .text.memchr   0x000000000800ba88       0x90 /usr/bin/../lib/gcc/arm-none-eabi/4.8.4/../../../../arm-none-eabi/lib/armv7e-m/fpu/libg.a(lib_a-memchr-stub.o)
                0x000000000800ba88                memchr
 .text._Balloc  0x000000000800bb18       0x4c /usr/bin/../lib/gcc/arm-none-eabi/4.8.4/../../../../arm-none-eabi/lib/armv7e-m/fpu/libg.a(lib_a-mprec.o)
                0x000000000800bb18                _Balloc
 .text._Bfree   0x000000000800bb64       0x14 /usr/bin/../lib/gcc/arm-none-eabi/4.8.4/../../../../arm-none-eabi/lib/armv7e-m/fpu/libg.a(lib_a-mprec.o)
                0x000000000800bb64                _Bfree
 .text.__multadd
                0x000000000800bb78       0x98 /usr/bin/../lib/gcc/arm-none-eabi/4.8.4/../../../../arm-none-eabi/lib/armv7e-m/fpu/libg.a(lib_a-mprec.o)
                0x000000000800bb78                __multadd
 .text.__hi0bits
                0x000000000800bc10       0x40 /usr/bin/../lib/gcc/arm-none-eabi/4.8.4/../../../../arm-none-eabi/lib/armv7e-m/fpu/libg.a(lib_a-mprec.o)
                0x000000000800bc10                __hi0bits
 .text.__lo0bits
                0x000000000800bc50       0x5c /usr/bin/../lib/gcc/arm-none-eabi/4.8.4/../../../../arm-none-eabi/lib/armv7e-m/fpu/libg.a(lib_a-mprec.o)
                0x000000000800bc50                __lo0bits
 .text.__i2b    0x000000000800bcac       0x14 /usr/bin/../lib/gcc/arm-none-eabi/4.8.4/../../../../arm-none-eabi/lib/armv7e-m/fpu/libg.a(lib_a-mprec.o)
                0x000000000800bcac                __i2b
 .text.__multiply
                0x000000000800bcc0      0x13c /usr/bin/../lib/gcc/arm-none-eabi/4.8.4/../../../../arm-none-eabi/lib/armv7e-m/fpu/libg.a(lib_a-mprec.o)
                0x000000000800bcc0                __multiply
 .text.__pow5mult
                0x000000000800bdfc       0x9c /usr/bin/../lib/gcc/arm-none-eabi/4.8.4/../../../../arm-none-eabi/lib/armv7e-m/fpu/libg.a(lib_a-mprec.o)
                0x000000000800bdfc                __pow5mult
 .text.__lshift
                0x000000000800be98       0xbc /usr/bin/../lib/gcc/arm-none-eabi/4.8.4/../../../../arm-none-eabi/lib/armv7e-m/fpu/libg.a(lib_a-mprec.o)
                0x000000000800be98                __lshift
 .text.__mcmp   0x000000000800bf54       0x48 /usr/bin/../lib/gcc/arm-none-eabi/4.8.4/../../../../arm-none-eabi/lib/armv7e-m/fpu/libg.a(lib_a-mprec.o)
                0x000000000800bf54                __mcmp
 .text.__mdiff  0x000000000800bf9c       0xd4 /usr/bin/../lib/gcc/arm-none-eabi/4.8.4/../../../../arm-none-eabi/lib/armv7e-m/fpu/libg.a(lib_a-mprec.o)
                0x000000000800bf9c                __mdiff
 .text.__d2b    0x000000000800c070       0xb4 /usr/bin/../lib/gcc/arm-none-eabi/4.8.4/../../../../arm-none-eabi/lib/armv7e-m/fpu/libg.a(lib_a-mprec.o)
                0x000000000800c070                __d2b
 .text.__fpclassifyd
                0x000000000800c124       0x54 /usr/bin/../lib/gcc/arm-none-eabi/4.8.4/../../../../arm-none-eabi/lib/armv7e-m/fpu/libg.a(lib_a-s_fpclassify.o)
                0x000000000800c124                __fpclassifyd
 .text.__ssprint_r
                0x000000000800c178      0x100 /usr/bin/../lib/gcc/arm-none-eabi/4.8.4/../../../../arm-none-eabi/lib/armv7e-m/fpu/libg.a(lib_a-svfiprintf.o)
                0x000000000800c178                __ssprint_r
 .text.__register_exitproc
                0x000000000800c278       0xa8 /usr/bin/../lib/gcc/arm-none-eabi/4.8.4/../../../../arm-none-eabi/lib/armv7e-m/fpu/libg.a(lib_a-__atexit.o)
                0x000000000800c278                __register_exitproc
 .text.memmove  0x000000000800c320       0xc0 /usr/bin/../lib/gcc/arm-none-eabi/4.8.4/../../../../arm-none-eabi/lib/armv7e-m/fpu/libg.a(lib_a-memmove.o)
                0x000000000800c320                memmove
 .text._realloc_r
                0x000000000800c3e0      0x3cc /usr/bin/../lib/gcc/arm-none-eabi/4.8.4/../../../../arm-none-eabi/lib/armv7e-m/fpu/libg.a(lib_a-reallocr.o)
                0x000000000800c3e0                _realloc_r
 *(.glue_7)
 .glue_7        0x0000000000000000        0x0 linker stubs
 *(.glue_7t)
 .glue_7t       0x0000000000000000        0x0 linker stubs
 *(.eh_frame)
 .eh_frame      0x000000000800c7ac        0x0 /usr/bin/../lib/gcc/arm-none-eabi/4.8.4/armv7e-m/fpu/crtbegin.o
 *(.init)
 .init          0x000000000800c7ac        0x4 /usr/bin/../lib/gcc/arm-none-eabi/4.8.4/armv7e-m/fpu/crti.o
                0x000000000800c7ac                _init
 .init          0x000000000800c7b0        0x8 /usr/bin/../lib/gcc/arm-none-eabi/4.8.4/armv7e-m/fpu/crtn.o
 *(.fini)
 .fini          0x000000000800c7b8        0x4 /usr/bin/../lib/gcc/arm-none-eabi/4.8.4/armv7e-m/fpu/crti.o
                0x000000000800c7b8                _fini
 .fini          0x000000000800c7bc        0x8 /usr/bin/../lib/gcc/arm-none-eabi/4.8.4/armv7e-m/fpu/crtn.o
                0x000000000800c7c4                . = ALIGN (0x4)
                0x000000000800c7c4                _etext = .

.vfp11_veneer   0x000000000800c7c4        0x0
 .vfp11_veneer  0x0000000000000000        0x0 linker stubs

.v4_bx          0x000000000800c7c4        0x0
 .v4_bx         0x0000000000000000        0x0 linker stubs

.iplt           0x000000000800c7c4        0x0
 .iplt          0x0000000000000000        0x0 /usr/bin/../lib/gcc/arm-none-eabi/4.8.4/armv7e-m/fpu/crtbegin.o

.rodata         0x000000000800c7c8     0x1674
                0x000000000800c7c8                . = ALIGN (0x4)
 *(.rodata)
 .rodata        0x000000000800c7c8       0x10 ./pacabot/src/tests/hal/test_hal_adc.o
 .rodata        0x000000000800c7d8       0x10 ./pacabot/src/tests/hal/test_hal_color_sensor.o
 .rodata        0x000000000800c7e8       0x60 ./pacabot/src/tests/hal/test_hal_sensor.o
 .rodata        0x000000000800c848       0x44 ./pacabot/src/hal/hal_ui/hal_ui.o
 .rodata        0x000000000800c88c      0x170 ./pacabot/src/app/maze.o
 .rodata        0x000000000800c9fc      0x474 ./pacabot/src/app/menus.o
 *(.rodata*)
 .rodata.Font_3x6
                0x000000000800ce70        0x8 ./pacabot/src/oled/smallfonts.o
                0x000000000800ce70                Font_3x6
 .rodata.Font_5x8
                0x000000000800ce78        0x8 ./pacabot/src/oled/smallfonts.o
                0x000000000800ce78                Font_5x8
 .rodata.Font_8x8
                0x000000000800ce80        0x8 ./pacabot/src/oled/smallfonts.o
                0x000000000800ce80                Font_8x8
 .rodata.au8Font3x6
                0x000000000800ce88       0xc4 ./pacabot/src/oled/smallfonts.o
                0x000000000800ce88                au8Font3x6
 .rodata.au8Font5x8
                0x000000000800cf4c      0x1e8 ./pacabot/src/oled/smallfonts.o
                0x000000000800cf4c                au8Font5x8
 .rodata.au8Font8x8
                0x000000000800d134      0x310 ./pacabot/src/oled/smallfonts.o
                0x000000000800d134                au8Font8x8
 .rodata.pic_battery_level
                0x000000000800d444        0x8 ./pacabot/src/hal/hal_ui/hal_ui.o
 .rodata.pic_battery_charging
                0x000000000800d44c        0x8 ./pacabot/src/hal/hal_ui/hal_ui.o
 .rodata.Pacabot_bmp
                0x000000000800d454      0x2fc ./pacabot/src/hal/hal_ui/hal_ui.o
 .rodata.main_menu
                0x000000000800d750       0x78 ./pacabot/src/app/menus.o
 .rodata.params_menu
                0x000000000800d7c8       0x8c ./pacabot/src/app/menus.o
 .rodata.tests_menu
                0x000000000800d854       0x78 ./pacabot/src/app/menus.o
 .rodata.motor_menu
                0x000000000800d8cc       0x8c ./pacabot/src/app/menus.o
 .rodata.maze_menu
                0x000000000800d958       0x78 ./pacabot/src/app/menus.o
 .rodata.motion_settings_menu
                0x000000000800d9d0       0x8c ./pacabot/src/app/menus.o
 .rodata.pid_settings_menu
                0x000000000800da5c       0x64 ./pacabot/src/app/menus.o
 .rodata.sensor_settings_menu
                0x000000000800dac0       0x78 ./pacabot/src/app/menus.o
 .rodata.trajectory_menu
                0x000000000800db38       0x64 ./pacabot/src/app/menus.o
 .rodata.restore_maze_menu
                0x000000000800db9c       0x8c ./pacabot/src/app/menus.o
 .rodata.settings_menu
                0x000000000800dc28       0x8c ./pacabot/src/app/menus.o
 .rodata.str1.4
                0x000000000800dcb4        0x2 /usr/bin/../lib/gcc/arm-none-eabi/4.8.4/../../../../arm-none-eabi/lib/armv7e-m/fpu/libg.a(lib_a-impure.o)
                                          0x4 (size before relaxing)
 *fill*         0x000000000800dcb6        0x2 
 .rodata._global_impure_ptr
                0x000000000800dcb8        0x4 /usr/bin/../lib/gcc/arm-none-eabi/4.8.4/../../../../arm-none-eabi/lib/armv7e-m/fpu/libg.a(lib_a-impure.o)
                0x000000000800dcb8                _global_impure_ptr
 .rodata.zeroes.6763
                0x000000000800dcbc       0x10 /usr/bin/../lib/gcc/arm-none-eabi/4.8.4/../../../../arm-none-eabi/lib/armv7e-m/fpu/libg.a(lib_a-svfprintf.o)
 .rodata.str1.4
                0x000000000800dccc       0x42 /usr/bin/../lib/gcc/arm-none-eabi/4.8.4/../../../../arm-none-eabi/lib/armv7e-m/fpu/libg.a(lib_a-svfprintf.o)
                                         0x44 (size before relaxing)
 *fill*         0x000000000800dd0e        0x2 
 .rodata.blanks.6762
                0x000000000800dd10       0x10 /usr/bin/../lib/gcc/arm-none-eabi/4.8.4/../../../../arm-none-eabi/lib/armv7e-m/fpu/libg.a(lib_a-svfprintf.o)
 .rodata.str1.4
                0x000000000800dd20       0x10 /usr/bin/../lib/gcc/arm-none-eabi/4.8.4/../../../../arm-none-eabi/lib/armv7e-m/fpu/libg.a(lib_a-dtoa.o)
                                         0x14 (size before relaxing)
 .rodata.str1.4
                0x000000000800dd30        0xc /usr/bin/../lib/gcc/arm-none-eabi/4.8.4/../../../../arm-none-eabi/lib/armv7e-m/fpu/libg.a(lib_a-locale.o)
                                         0x14 (size before relaxing)
 *fill*         0x000000000800dd3c        0x4 
 .rodata.__mprec_tens
                0x000000000800dd40       0xc8 /usr/bin/../lib/gcc/arm-none-eabi/4.8.4/../../../../arm-none-eabi/lib/armv7e-m/fpu/libg.a(lib_a-mprec.o)
                0x000000000800dd40                __mprec_tens
 .rodata.__mprec_bigtens
                0x000000000800de08       0x28 /usr/bin/../lib/gcc/arm-none-eabi/4.8.4/../../../../arm-none-eabi/lib/armv7e-m/fpu/libg.a(lib_a-mprec.o)
                0x000000000800de08                __mprec_bigtens
 .rodata.p05.5269
                0x000000000800de30        0xc /usr/bin/../lib/gcc/arm-none-eabi/4.8.4/../../../../arm-none-eabi/lib/armv7e-m/fpu/libg.a(lib_a-mprec.o)
                0x000000000800de3c                . = ALIGN (0x4)

.robot_settings
                0x000000000800de3c     0x170c
 .robot_settings
                0x000000000800de3c     0x170c ./pacabot/src/app/menus.o
                0x000000000800de3c                stored_mazes
                0x000000000800f46c                stored_settings

.ARM.extab
 *(.ARM.extab* .gnu.linkonce.armextab.*)

.ARM            0x000000000800f548        0x8
                0x000000000800f548                __exidx_start = .
 *(.ARM.exidx*)
 .ARM.exidx     0x000000000800f548        0x8 /usr/bin/../lib/gcc/arm-none-eabi/4.8.4/armv7e-m/fpu/libgcc.a(_divdi3.o)
 .ARM.exidx     0x000000000800f550        0x0 /usr/bin/../lib/gcc/arm-none-eabi/4.8.4/armv7e-m/fpu/libgcc.a(_udivdi3.o)
                                          0x8 (size before relaxing)
                0x000000000800f550                __exidx_end = .

.rel.dyn        0x000000000800f550        0x0
 .rel.iplt      0x0000000000000000        0x0 /usr/bin/../lib/gcc/arm-none-eabi/4.8.4/armv7e-m/fpu/crtbegin.o

.preinit_array  0x000000000800f550        0x0
                0x000000000800f550                PROVIDE (__preinit_array_start, .)
 *(.preinit_array*)
                0x000000000800f550                PROVIDE (__preinit_array_end, .)

.init_array     0x000000000800f550        0x8
                0x000000000800f550                PROVIDE (__init_array_start, .)
 *(SORT(.init_array.*))
 .init_array.00000
                0x000000000800f550        0x4 /usr/bin/../lib/gcc/arm-none-eabi/4.8.4/../../../../arm-none-eabi/lib/armv7e-m/fpu/libg.a(lib_a-__call_atexit.o)
 *(.init_array*)
 .init_array    0x000000000800f554        0x4 /usr/bin/../lib/gcc/arm-none-eabi/4.8.4/armv7e-m/fpu/crtbegin.o
                0x000000000800f558                PROVIDE (__init_array_end, .)

.fini_array     0x000000000800f558        0x4
                0x000000000800f558                PROVIDE (__fini_array_start, .)
 *(SORT(.fini_array.*))
 *(.fini_array*)
 .fini_array    0x000000000800f558        0x4 /usr/bin/../lib/gcc/arm-none-eabi/4.8.4/armv7e-m/fpu/crtbegin.o
                0x000000000800f55c                PROVIDE (__fini_array_end, .)
                0x000000000800f55c                _sidata = LOADADDR (.data)

.data           0x0000000020000000      0x88c load address 0x000000000800f55c
                0x0000000020000000                . = ALIGN (0x4)
                0x0000000020000000                _sdata = .
 *(.data)
 *(.data*)
 .data.capture5.6312
                0x0000000020000000        0x1 ./pacabot/src/hal/hal_sensor/hal_sensor.o
 .data.hal_nvm_handle
                0x0000000020000001        0x1 ./pacabot/src/hal/hal_nvm/hal_nvm.o
                0x0000000020000001                hal_nvm_handle
 *fill*         0x0000000020000002        0x2 
 .data.APBAHBPrescTable
                0x0000000020000004       0x10 ./cmsis_lib/source/stm32f4xx_rcc.o
 .data.SystemCoreClock
                0x0000000020000014        0x4 ./cmsis_boot/system_stm32f4xx.o
                0x0000000020000014                SystemCoreClock
 .data.impure_data
                0x0000000020000018      0x428 /usr/bin/../lib/gcc/arm-none-eabi/4.8.4/../../../../arm-none-eabi/lib/armv7e-m/fpu/libg.a(lib_a-impure.o)
 .data._impure_ptr
                0x0000000020000440        0x4 /usr/bin/../lib/gcc/arm-none-eabi/4.8.4/../../../../arm-none-eabi/lib/armv7e-m/fpu/libg.a(lib_a-impure.o)
                0x0000000020000440                _impure_ptr
 .data.__malloc_av_
                0x0000000020000444      0x408 /usr/bin/../lib/gcc/arm-none-eabi/4.8.4/../../../../arm-none-eabi/lib/armv7e-m/fpu/libg.a(lib_a-mallocr.o)
                0x0000000020000444                __malloc_av_
 .data.__malloc_trim_threshold
                0x000000002000084c        0x4 /usr/bin/../lib/gcc/arm-none-eabi/4.8.4/../../../../arm-none-eabi/lib/armv7e-m/fpu/libg.a(lib_a-mallocr.o)
                0x000000002000084c                __malloc_trim_threshold
 .data.__malloc_sbrk_base
                0x0000000020000850        0x4 /usr/bin/../lib/gcc/arm-none-eabi/4.8.4/../../../../arm-none-eabi/lib/armv7e-m/fpu/libg.a(lib_a-mallocr.o)
                0x0000000020000850                __malloc_sbrk_base
 .data.lconv    0x0000000020000854       0x38 /usr/bin/../lib/gcc/arm-none-eabi/4.8.4/../../../../arm-none-eabi/lib/armv7e-m/fpu/libg.a(lib_a-locale.o)
                0x000000002000088c                . = ALIGN (0x4)
                0x000000002000088c                _edata = .
                0x000000000802bde8                _siccmram = LOADADDR (.ccmram)

.jcr            0x000000002000088c        0x0 load address 0x000000000800fde8
 .jcr           0x000000002000088c        0x0 /usr/bin/../lib/gcc/arm-none-eabi/4.8.4/armv7e-m/fpu/crtbegin.o

.igot.plt       0x000000002000088c        0x0 load address 0x000000000800fde8
 .igot.plt      0x0000000000000000        0x0 /usr/bin/../lib/gcc/arm-none-eabi/4.8.4/armv7e-m/fpu/crtbegin.o

.co_stack       0x000000002000088c    0x1c000 load address 0x000000000800fde8
 .co_stack      0x000000002000088c    0x1c000 ./cmsis_boot/startup/startup_stm32f4xx.o
                0x000000002000088c                pulStack

.ccmram         0x0000000010000000        0x0 load address 0x000000000802bde8
                0x0000000010000000                . = ALIGN (0x4)
                0x0000000010000000                _sccmram = .
 *(.ccmram)
 *(.ccmram*)
                0x0000000010000000                . = ALIGN (0x4)
                0x0000000010000000                _eccmram = .
                0x0000000010000000                . = ALIGN (0x4)

.bss            0x000000002001c890      0x678
                0x000000002001c890                _sbss = .
                0x000000002001c890                __bss_start__ = _sbss
 *(.bss)
 .bss           0x000000002001c890       0x1c /usr/bin/../lib/gcc/arm-none-eabi/4.8.4/armv7e-m/fpu/crtbegin.o
 *(.bss*)
 .bss.heap.5078
                0x000000002001c8ac        0x4 ./syscalls/syscalls.o
 .bss.upper_str.6502
                0x000000002001c8b0      0x100 ./pacabot/src/util/common_functions.o
 .bss.buffer    0x000000002001c9b0      0x400 ./pacabot/src/oled/ssd1306.o
                0x000000002001c9b0                buffer
 .bss.beeper    0x000000002001cdb0        0x4 ./pacabot/src/hal/hal_ui/hal_ui.o
 .bss.adc       0x000000002001cdb4        0x4 ./pacabot/src/hal/hal_ui/hal_ui.o
 .bss.step_motor
                0x000000002001cdb8       0x50 ./pacabot/src/hal/hal_step_motor/hal_step_motor.o
 .bss.step_motor_position.6307
                0x000000002001ce08        0x1 ./pacabot/src/hal/hal_step_motor/hal_step_motor.o
 *fill*         0x000000002001ce09        0x3 
 .bss.usart_conf
                0x000000002001ce0c       0x30 ./pacabot/src/hal/hal_serial/hal_serial.o
 .bss.pid       0x000000002001ce3c       0x18 ./pacabot/src/hal/hal_pid/hal_pid.o
 .bss.os_context
                0x000000002001ce54        0x8 ./pacabot/src/hal/hal_os/hal_os.o
 .bss.beeper    0x000000002001ce5c        0xc ./pacabot/src/hal/hal_beeper/hal_beeper.o
 .bss.motors    0x000000002001ce68        0x8 ./pacabot/src/drivers/step_motor_driver.o
 .bss.i.7328    0x000000002001ce70        0x1 ./pacabot/src/drivers/step_motor_driver.o
 .bss.j.7329    0x000000002001ce71        0x1 ./pacabot/src/drivers/step_motor_driver.o
 *fill*         0x000000002001ce72        0x2 
 .bss.current_maze
                0x000000002001ce74        0x4 ./pacabot/src/app/menus.o
                0x000000002001ce74                current_maze
 .bss.__malloc_max_total_mem
                0x000000002001ce78        0x4 /usr/bin/../lib/gcc/arm-none-eabi/4.8.4/../../../../arm-none-eabi/lib/armv7e-m/fpu/libg.a(lib_a-mallocr.o)
                0x000000002001ce78                __malloc_max_total_mem
 .bss.__malloc_max_sbrked_mem
                0x000000002001ce7c        0x4 /usr/bin/../lib/gcc/arm-none-eabi/4.8.4/../../../../arm-none-eabi/lib/armv7e-m/fpu/libg.a(lib_a-mallocr.o)
                0x000000002001ce7c                __malloc_max_sbrked_mem
 .bss.__malloc_top_pad
                0x000000002001ce80        0x4 /usr/bin/../lib/gcc/arm-none-eabi/4.8.4/../../../../arm-none-eabi/lib/armv7e-m/fpu/libg.a(lib_a-mallocr.o)
                0x000000002001ce80                __malloc_top_pad
 .bss.__malloc_current_mallinfo
                0x000000002001ce84       0x28 /usr/bin/../lib/gcc/arm-none-eabi/4.8.4/../../../../arm-none-eabi/lib/armv7e-m/fpu/libg.a(lib_a-mallocr.o)
                0x000000002001ce84                __malloc_current_mallinfo
 *(COMMON)
 COMMON         0x000000002001ceac       0x2c ./pacabot/src/util/common_functions.o
                0x000000002001ceac                zhonx_settings
 COMMON         0x000000002001ced8        0x4 ./pacabot/src/tests/hal/test_hal_led.o
                0x000000002001ced8                leds
 COMMON         0x000000002001cedc        0x4 ./pacabot/src/tests/drivers/test_step_motor_driver.o
                0x000000002001cedc                sensors
 COMMON         0x000000002001cee0        0x1 ./pacabot/src/hal/hal_sensor/hal_sensor.o
                0x000000002001cee0                sensors_handle
 *fill*         0x000000002001cee1        0x3 
 COMMON         0x000000002001cee4        0x2 ./pacabot/src/hal/hal_adc/hal_adc.o
                0x000000002001cee4                convertedValues
 *fill*         0x000000002001cee6        0x2 
 COMMON         0x000000002001cee8       0x1c ./main.o
                0x000000002001cee8                app_context
 COMMON         0x000000002001cf04        0x4 /usr/bin/../lib/gcc/arm-none-eabi/4.8.4/../../../../arm-none-eabi/lib/armv7e-m/fpu/libg.a(lib_a-reent.o)
                0x000000002001cf04                errno
                0x000000002001cf08                . = ALIGN (0x4)
                0x000000002001cf08                _ebss = .
                0x000000002001cf08                __bss_end__ = _ebss

._user_heap_stack
                0x000000002001cf08      0x400
                0x000000002001cf08                . = ALIGN (0x4)
                0x000000002001cf08                PROVIDE (end, .)
                0x000000002001cf08                PROVIDE (_end, .)
                0x000000002001cf08                . = (. + _Min_Heap_Size)
                0x000000002001d308                . = (. + _Min_Stack_Size)
 *fill*         0x000000002001cf08      0x400 
                0x000000002001d308                . = ALIGN (0x4)

/DISCARD/
 libc.a(*)
 libm.a(*)
 libgcc.a(*)

.ARM.attributes
                0x0000000000000000       0x30
 *(.ARM.attributes)
 .ARM.attributes
                0x0000000000000000       0x22 /usr/bin/../lib/gcc/arm-none-eabi/4.8.4/armv7e-m/fpu/crti.o
 .ARM.attributes
                0x0000000000000022       0x34 /usr/bin/../lib/gcc/arm-none-eabi/4.8.4/armv7e-m/fpu/crtbegin.o
 .ARM.attributes
                0x0000000000000056       0x39 ./syscalls/syscalls.o
 .ARM.attributes
                0x000000000000008f       0x39 ./pacabot/src/util/common_functions.o
 .ARM.attributes
                0x00000000000000c8       0x39 ./pacabot/src/tests/hal/test_hal_adc.o
 .ARM.attributes
                0x0000000000000101       0x39 ./pacabot/src/tests/hal/test_hal_color_sensor.o
 .ARM.attributes
                0x000000000000013a       0x39 ./pacabot/src/tests/hal/test_hal_led.o
 .ARM.attributes
                0x0000000000000173       0x39 ./pacabot/src/tests/hal/test_hal_sensor.o
 .ARM.attributes
                0x00000000000001ac       0x39 ./pacabot/src/tests/hal/test_hal_step_motor.o
 .ARM.attributes
                0x00000000000001e5       0x39 ./pacabot/src/tests/drivers/test_step_motor_driver.o
 .ARM.attributes
                0x000000000000021e       0x39 ./pacabot/src/tests/calibration/motor_calibration.o
 .ARM.attributes
                0x0000000000000257       0x39 ./pacabot/src/oled/smallfonts.o
 .ARM.attributes
                0x0000000000000290       0x39 ./pacabot/src/oled/ssd1306.o
 .ARM.attributes
                0x00000000000002c9       0x39 ./pacabot/src/oled/ssd1306_peripherals.o
 .ARM.attributes
                0x0000000000000302       0x39 ./pacabot/src/hal/hal_ui/hal_ui.o
 .ARM.attributes
                0x000000000000033b       0x39 ./pacabot/src/hal/hal_step_motor/hal_step_motor.o
 .ARM.attributes
                0x0000000000000374       0x39 ./pacabot/src/hal/hal_serial/hal_serial.o
 .ARM.attributes
                0x00000000000003ad       0x39 ./pacabot/src/hal/hal_sensor/hal_sensor.o
 .ARM.attributes
                0x00000000000003e6       0x39 ./pacabot/src/hal/hal_pid/hal_pid.o
 .ARM.attributes
                0x000000000000041f       0x39 ./pacabot/src/hal/hal_os/hal_os.o
 .ARM.attributes
                0x0000000000000458       0x39 ./pacabot/src/hal/hal_nvm/hal_nvm.o
 .ARM.attributes
                0x0000000000000491       0x39 ./pacabot/src/hal/hal_led/hal_led.o
 .ARM.attributes
                0x00000000000004ca       0x39 ./pacabot/src/hal/hal_beeper/hal_beeper.o
 .ARM.attributes
                0x0000000000000503       0x39 ./pacabot/src/hal/hal_adc/hal_adc.o
 .ARM.attributes
                0x000000000000053c       0x39 ./pacabot/src/drivers/step_motor_driver.o
 .ARM.attributes
                0x0000000000000575       0x39 ./pacabot/src/app/maze.o
 .ARM.attributes
                0x00000000000005ae       0x39 ./pacabot/src/app/menus.o
 .ARM.attributes
                0x00000000000005e7       0x39 ./cmsis_lib/source/misc.o
 .ARM.attributes
                0x0000000000000620       0x39 ./cmsis_lib/source/stm32f4xx_adc.o
 .ARM.attributes
                0x0000000000000659       0x39 ./cmsis_lib/source/stm32f4xx_dma.o
 .ARM.attributes
                0x0000000000000692       0x39 ./cmsis_lib/source/stm32f4xx_flash.o
 .ARM.attributes
                0x00000000000006cb       0x39 ./cmsis_lib/source/stm32f4xx_gpio.o
 .ARM.attributes
                0x0000000000000704       0x39 ./cmsis_lib/source/stm32f4xx_rcc.o
 .ARM.attributes
                0x000000000000073d       0x39 ./cmsis_lib/source/stm32f4xx_spi.o
 .ARM.attributes
                0x0000000000000776       0x39 ./cmsis_lib/source/stm32f4xx_tim.o
 .ARM.attributes
                0x00000000000007af       0x39 ./cmsis_lib/source/stm32f4xx_usart.o
 .ARM.attributes
                0x00000000000007e8       0x39 ./cmsis_boot/startup/startup_stm32f4xx.o
 .ARM.attributes
                0x0000000000000821       0x39 ./cmsis_boot/system_stm32f4xx.o
 .ARM.attributes
                0x000000000000085a       0x39 ./main.o
 .ARM.attributes
                0x0000000000000893       0x34 /usr/bin/../lib/gcc/arm-none-eabi/4.8.4/../../../../arm-none-eabi/lib/armv7e-m/fpu/libm.a(lib_a-s_lround.o)
 .ARM.attributes
                0x00000000000008c7       0x22 /usr/bin/../lib/gcc/arm-none-eabi/4.8.4/armv7e-m/fpu/libgcc.a(_arm_addsubdf3.o)
 .ARM.attributes
                0x00000000000008e9       0x22 /usr/bin/../lib/gcc/arm-none-eabi/4.8.4/armv7e-m/fpu/libgcc.a(_arm_muldivdf3.o)
 .ARM.attributes
                0x000000000000090b       0x22 /usr/bin/../lib/gcc/arm-none-eabi/4.8.4/armv7e-m/fpu/libgcc.a(_arm_cmpdf2.o)
 .ARM.attributes
                0x000000000000092d       0x22 /usr/bin/../lib/gcc/arm-none-eabi/4.8.4/armv7e-m/fpu/libgcc.a(_arm_fixdfsi.o)
 .ARM.attributes
                0x000000000000094f       0x34 /usr/bin/../lib/gcc/arm-none-eabi/4.8.4/../../../../arm-none-eabi/lib/armv7e-m/fpu/libg.a(lib_a-callocr.o)
 .ARM.attributes
                0x0000000000000983       0x34 /usr/bin/../lib/gcc/arm-none-eabi/4.8.4/../../../../arm-none-eabi/lib/armv7e-m/fpu/libg.a(lib_a-impure.o)
 .ARM.attributes
                0x00000000000009b7       0x34 /usr/bin/../lib/gcc/arm-none-eabi/4.8.4/../../../../arm-none-eabi/lib/armv7e-m/fpu/libg.a(lib_a-malloc.o)
 .ARM.attributes
                0x00000000000009eb       0x34 /usr/bin/../lib/gcc/arm-none-eabi/4.8.4/../../../../arm-none-eabi/lib/armv7e-m/fpu/libg.a(lib_a-mallocr.o)
 .ARM.attributes
                0x0000000000000a1f       0x20 /usr/bin/../lib/gcc/arm-none-eabi/4.8.4/../../../../arm-none-eabi/lib/armv7e-m/fpu/libg.a(lib_a-memcpy.o)
 .ARM.attributes
                0x0000000000000a3f       0x34 /usr/bin/../lib/gcc/arm-none-eabi/4.8.4/../../../../arm-none-eabi/lib/armv7e-m/fpu/libg.a(lib_a-memset.o)
 .ARM.attributes
                0x0000000000000a73       0x34 /usr/bin/../lib/gcc/arm-none-eabi/4.8.4/../../../../arm-none-eabi/lib/armv7e-m/fpu/libg.a(lib_a-mlock.o)
 .ARM.attributes
                0x0000000000000aa7       0x34 /usr/bin/../lib/gcc/arm-none-eabi/4.8.4/../../../../arm-none-eabi/lib/armv7e-m/fpu/libg.a(lib_a-sbrkr.o)
 .ARM.attributes
                0x0000000000000adb       0x34 /usr/bin/../lib/gcc/arm-none-eabi/4.8.4/../../../../arm-none-eabi/lib/armv7e-m/fpu/libg.a(lib_a-sprintf.o)
 .ARM.attributes
                0x0000000000000b0f       0x34 /usr/bin/../lib/gcc/arm-none-eabi/4.8.4/../../../../arm-none-eabi/lib/armv7e-m/fpu/libg.a(lib_a-strlen.o)
 .ARM.attributes
                0x0000000000000b43       0x34 /usr/bin/../lib/gcc/arm-none-eabi/4.8.4/../../../../arm-none-eabi/lib/armv7e-m/fpu/libg.a(lib_a-svfprintf.o)
 .ARM.attributes
                0x0000000000000b77       0x34 /usr/bin/../lib/gcc/arm-none-eabi/4.8.4/../../../../arm-none-eabi/lib/armv7e-m/fpu/libg.a(lib_a-__call_atexit.o)
 .ARM.attributes
                0x0000000000000bab       0x34 /usr/bin/../lib/gcc/arm-none-eabi/4.8.4/../../../../arm-none-eabi/lib/armv7e-m/fpu/libg.a(lib_a-atexit.o)
 .ARM.attributes
                0x0000000000000bdf       0x34 /usr/bin/../lib/gcc/arm-none-eabi/4.8.4/../../../../arm-none-eabi/lib/armv7e-m/fpu/libg.a(lib_a-dtoa.o)
 .ARM.attributes
                0x0000000000000c13       0x34 /usr/bin/../lib/gcc/arm-none-eabi/4.8.4/../../../../arm-none-eabi/lib/armv7e-m/fpu/libg.a(lib_a-fini.o)
 .ARM.attributes
                0x0000000000000c47       0x34 /usr/bin/../lib/gcc/arm-none-eabi/4.8.4/../../../../arm-none-eabi/lib/armv7e-m/fpu/libg.a(lib_a-freer.o)
 .ARM.attributes
                0x0000000000000c7b       0x34 /usr/bin/../lib/gcc/arm-none-eabi/4.8.4/../../../../arm-none-eabi/lib/armv7e-m/fpu/libg.a(lib_a-locale.o)
 .ARM.attributes
                0x0000000000000caf       0x34 /usr/bin/../lib/gcc/arm-none-eabi/4.8.4/../../../../arm-none-eabi/lib/armv7e-m/fpu/libg.a(lib_a-memchr-stub.o)
 .ARM.attributes
                0x0000000000000ce3       0x34 /usr/bin/../lib/gcc/arm-none-eabi/4.8.4/../../../../arm-none-eabi/lib/armv7e-m/fpu/libg.a(lib_a-mprec.o)
 .ARM.attributes
                0x0000000000000d17       0x34 /usr/bin/../lib/gcc/arm-none-eabi/4.8.4/../../../../arm-none-eabi/lib/armv7e-m/fpu/libg.a(lib_a-reent.o)
 .ARM.attributes
                0x0000000000000d4b       0x34 /usr/bin/../lib/gcc/arm-none-eabi/4.8.4/../../../../arm-none-eabi/lib/armv7e-m/fpu/libg.a(lib_a-s_fpclassify.o)
 .ARM.attributes
                0x0000000000000d7f       0x34 /usr/bin/../lib/gcc/arm-none-eabi/4.8.4/../../../../arm-none-eabi/lib/armv7e-m/fpu/libg.a(lib_a-svfiprintf.o)
 .ARM.attributes
                0x0000000000000db3       0x34 /usr/bin/../lib/gcc/arm-none-eabi/4.8.4/../../../../arm-none-eabi/lib/armv7e-m/fpu/libg.a(lib_a-__atexit.o)
 .ARM.attributes
                0x0000000000000de7       0x34 /usr/bin/../lib/gcc/arm-none-eabi/4.8.4/../../../../arm-none-eabi/lib/armv7e-m/fpu/libg.a(lib_a-memmove.o)
 .ARM.attributes
                0x0000000000000e1b       0x34 /usr/bin/../lib/gcc/arm-none-eabi/4.8.4/../../../../arm-none-eabi/lib/armv7e-m/fpu/libg.a(lib_a-reallocr.o)
 .ARM.attributes
                0x0000000000000e4f       0x22 /usr/bin/../lib/gcc/arm-none-eabi/4.8.4/armv7e-m/fpu/libgcc.a(_aeabi_uldivmod.o)
 .ARM.attributes
                0x0000000000000e71       0x34 /usr/bin/../lib/gcc/arm-none-eabi/4.8.4/armv7e-m/fpu/libgcc.a(bpabi.o)
 .ARM.attributes
                0x0000000000000ea5       0x22 /usr/bin/../lib/gcc/arm-none-eabi/4.8.4/armv7e-m/fpu/libgcc.a(_dvmd_tls.o)
 .ARM.attributes
                0x0000000000000ec7       0x34 /usr/bin/../lib/gcc/arm-none-eabi/4.8.4/armv7e-m/fpu/libgcc.a(_divdi3.o)
 .ARM.attributes
                0x0000000000000efb       0x34 /usr/bin/../lib/gcc/arm-none-eabi/4.8.4/armv7e-m/fpu/libgcc.a(_udivdi3.o)
 .ARM.attributes
                0x0000000000000f2f       0x22 /usr/bin/../lib/gcc/arm-none-eabi/4.8.4/armv7e-m/fpu/crtn.o
OUTPUT(ZHONX_II.elf elf32-littlearm)

.debug_info     0x0000000000000000    0x10702
 .debug_info    0x0000000000000000      0x3f9 ./syscalls/syscalls.o
 .debug_info    0x00000000000003f9      0x43e ./pacabot/src/util/common_functions.o
 .debug_info    0x0000000000000837      0x2c7 ./pacabot/src/tests/hal/test_hal_adc.o
 .debug_info    0x0000000000000afe      0x2b9 ./pacabot/src/tests/hal/test_hal_color_sensor.o
 .debug_info    0x0000000000000db7       0xe7 ./pacabot/src/tests/hal/test_hal_led.o
 .debug_info    0x0000000000000e9e      0x2ac ./pacabot/src/tests/hal/test_hal_sensor.o
 .debug_info    0x000000000000114a      0x1a2 ./pacabot/src/tests/hal/test_hal_step_motor.o
 .debug_info    0x00000000000012ec      0x1ab ./pacabot/src/tests/drivers/test_step_motor_driver.o
 .debug_info    0x0000000000001497      0x18d ./pacabot/src/tests/calibration/motor_calibration.o
 .debug_info    0x0000000000001624      0x1a9 ./pacabot/src/oled/smallfonts.o
 .debug_info    0x00000000000017cd      0xb17 ./pacabot/src/oled/ssd1306.o
 .debug_info    0x00000000000022e4      0x46f ./pacabot/src/oled/ssd1306_peripherals.o
 .debug_info    0x0000000000002753      0xb04 ./pacabot/src/hal/hal_ui/hal_ui.o
 .debug_info    0x0000000000003257      0xddd ./pacabot/src/hal/hal_step_motor/hal_step_motor.o
 .debug_info    0x0000000000004034      0x7ab ./pacabot/src/hal/hal_serial/hal_serial.o
 .debug_info    0x00000000000047df      0xa4e ./pacabot/src/hal/hal_sensor/hal_sensor.o
 .debug_info    0x000000000000522d      0x94c ./pacabot/src/hal/hal_pid/hal_pid.o
 .debug_info    0x0000000000005b79      0x9dd ./pacabot/src/hal/hal_os/hal_os.o
 .debug_info    0x0000000000006556      0x3dd ./pacabot/src/hal/hal_nvm/hal_nvm.o
 .debug_info    0x0000000000006933      0x4fe ./pacabot/src/hal/hal_led/hal_led.o
 .debug_info    0x0000000000006e31      0x831 ./pacabot/src/hal/hal_beeper/hal_beeper.o
 .debug_info    0x0000000000007662      0x7de ./pacabot/src/hal/hal_adc/hal_adc.o
 .debug_info    0x0000000000007e40      0x890 ./pacabot/src/drivers/step_motor_driver.o
 .debug_info    0x00000000000086d0      0xa24 ./pacabot/src/app/maze.o
 .debug_info    0x00000000000090f4      0x98c ./pacabot/src/app/menus.o
 .debug_info    0x0000000000009a80      0x545 ./cmsis_lib/source/misc.o
 .debug_info    0x0000000000009fc5      0xc40 ./cmsis_lib/source/stm32f4xx_adc.o
 .debug_info    0x000000000000ac05      0x741 ./cmsis_lib/source/stm32f4xx_dma.o
 .debug_info    0x000000000000b346      0x723 ./cmsis_lib/source/stm32f4xx_flash.o
 .debug_info    0x000000000000ba69      0x60a ./cmsis_lib/source/stm32f4xx_gpio.o
 .debug_info    0x000000000000c073      0xc55 ./cmsis_lib/source/stm32f4xx_rcc.o
 .debug_info    0x000000000000ccc8      0xb0f ./cmsis_lib/source/stm32f4xx_spi.o
 .debug_info    0x000000000000d7d7     0x1c69 ./cmsis_lib/source/stm32f4xx_tim.o
 .debug_info    0x000000000000f440      0x9ca ./cmsis_lib/source/stm32f4xx_usart.o
 .debug_info    0x000000000000fe0a       0xf5 ./cmsis_boot/startup/startup_stm32f4xx.o
 .debug_info    0x000000000000feff      0x59a ./cmsis_boot/system_stm32f4xx.o
 .debug_info    0x0000000000010499      0x269 ./main.o

.debug_abbrev   0x0000000000000000     0x359d
 .debug_abbrev  0x0000000000000000       0xe5 ./syscalls/syscalls.o
 .debug_abbrev  0x00000000000000e5      0x17e ./pacabot/src/util/common_functions.o
 .debug_abbrev  0x0000000000000263      0x12f ./pacabot/src/tests/hal/test_hal_adc.o
 .debug_abbrev  0x0000000000000392      0x12f ./pacabot/src/tests/hal/test_hal_color_sensor.o
 .debug_abbrev  0x00000000000004c1       0x9a ./pacabot/src/tests/hal/test_hal_led.o
 .debug_abbrev  0x000000000000055b      0x120 ./pacabot/src/tests/hal/test_hal_sensor.o
 .debug_abbrev  0x000000000000067b       0xc4 ./pacabot/src/tests/hal/test_hal_step_motor.o
 .debug_abbrev  0x000000000000073f       0xb1 ./pacabot/src/tests/drivers/test_step_motor_driver.o
 .debug_abbrev  0x00000000000007f0       0xaa ./pacabot/src/tests/calibration/motor_calibration.o
 .debug_abbrev  0x000000000000089a       0x94 ./pacabot/src/oled/smallfonts.o
 .debug_abbrev  0x000000000000092e      0x230 ./pacabot/src/oled/ssd1306.o
 .debug_abbrev  0x0000000000000b5e      0x104 ./pacabot/src/oled/ssd1306_peripherals.o
 .debug_abbrev  0x0000000000000c62      0x273 ./pacabot/src/hal/hal_ui/hal_ui.o
 .debug_abbrev  0x0000000000000ed5      0x28a ./pacabot/src/hal/hal_step_motor/hal_step_motor.o
 .debug_abbrev  0x000000000000115f      0x1c9 ./pacabot/src/hal/hal_serial/hal_serial.o
 .debug_abbrev  0x0000000000001328      0x202 ./pacabot/src/hal/hal_sensor/hal_sensor.o
 .debug_abbrev  0x000000000000152a      0x1d3 ./pacabot/src/hal/hal_pid/hal_pid.o
 .debug_abbrev  0x00000000000016fd      0x252 ./pacabot/src/hal/hal_os/hal_os.o
 .debug_abbrev  0x000000000000194f      0x14d ./pacabot/src/hal/hal_nvm/hal_nvm.o
 .debug_abbrev  0x0000000000001a9c      0x1b4 ./pacabot/src/hal/hal_led/hal_led.o
 .debug_abbrev  0x0000000000001c50      0x1a9 ./pacabot/src/hal/hal_beeper/hal_beeper.o
 .debug_abbrev  0x0000000000001df9      0x1a9 ./pacabot/src/hal/hal_adc/hal_adc.o
 .debug_abbrev  0x0000000000001fa2      0x1b9 ./pacabot/src/drivers/step_motor_driver.o
 .debug_abbrev  0x000000000000215b      0x274 ./pacabot/src/app/maze.o
 .debug_abbrev  0x00000000000023cf      0x148 ./pacabot/src/app/menus.o
 .debug_abbrev  0x0000000000002517      0x14a ./cmsis_lib/source/misc.o
 .debug_abbrev  0x0000000000002661      0x19b ./cmsis_lib/source/stm32f4xx_adc.o
 .debug_abbrev  0x00000000000027fc      0x15a ./cmsis_lib/source/stm32f4xx_dma.o
 .debug_abbrev  0x0000000000002956      0x1b3 ./cmsis_lib/source/stm32f4xx_flash.o
 .debug_abbrev  0x0000000000002b09      0x1a8 ./cmsis_lib/source/stm32f4xx_gpio.o
 .debug_abbrev  0x0000000000002cb1      0x1e8 ./cmsis_lib/source/stm32f4xx_rcc.o
 .debug_abbrev  0x0000000000002e99      0x16c ./cmsis_lib/source/stm32f4xx_spi.o
 .debug_abbrev  0x0000000000003005      0x18c ./cmsis_lib/source/stm32f4xx_tim.o
 .debug_abbrev  0x0000000000003191      0x15a ./cmsis_lib/source/stm32f4xx_usart.o
 .debug_abbrev  0x00000000000032eb       0xb5 ./cmsis_boot/startup/startup_stm32f4xx.o
 .debug_abbrev  0x00000000000033a0      0x13b ./cmsis_boot/system_stm32f4xx.o
 .debug_abbrev  0x00000000000034db       0xc2 ./main.o

.debug_aranges  0x0000000000000000     0x1370
 .debug_aranges
                0x0000000000000000       0x60 ./syscalls/syscalls.o
 .debug_aranges
                0x0000000000000060       0x48 ./pacabot/src/util/common_functions.o
 .debug_aranges
                0x00000000000000a8       0x20 ./pacabot/src/tests/hal/test_hal_adc.o
 .debug_aranges
                0x00000000000000c8       0x20 ./pacabot/src/tests/hal/test_hal_color_sensor.o
 .debug_aranges
                0x00000000000000e8       0x20 ./pacabot/src/tests/hal/test_hal_led.o
 .debug_aranges
                0x0000000000000108       0x20 ./pacabot/src/tests/hal/test_hal_sensor.o
 .debug_aranges
                0x0000000000000128       0x28 ./pacabot/src/tests/hal/test_hal_step_motor.o
 .debug_aranges
                0x0000000000000150       0x20 ./pacabot/src/tests/drivers/test_step_motor_driver.o
 .debug_aranges
                0x0000000000000170       0x20 ./pacabot/src/tests/calibration/motor_calibration.o
 .debug_aranges
                0x0000000000000190       0x18 ./pacabot/src/oled/smallfonts.o
 .debug_aranges
                0x00000000000001a8       0xc0 ./pacabot/src/oled/ssd1306.o
 .debug_aranges
                0x0000000000000268       0x28 ./pacabot/src/oled/ssd1306_peripherals.o
 .debug_aranges
                0x0000000000000290       0xa8 ./pacabot/src/hal/hal_ui/hal_ui.o
 .debug_aranges
                0x0000000000000338       0xe0 ./pacabot/src/hal/hal_step_motor/hal_step_motor.o
 .debug_aranges
                0x0000000000000418       0x50 ./pacabot/src/hal/hal_serial/hal_serial.o
 .debug_aranges
                0x0000000000000468       0x68 ./pacabot/src/hal/hal_sensor/hal_sensor.o
 .debug_aranges
                0x00000000000004d0       0xb0 ./pacabot/src/hal/hal_pid/hal_pid.o
 .debug_aranges
                0x0000000000000580       0x58 ./pacabot/src/hal/hal_os/hal_os.o
 .debug_aranges
                0x00000000000005d8       0x58 ./pacabot/src/hal/hal_nvm/hal_nvm.o
 .debug_aranges
                0x0000000000000630       0x60 ./pacabot/src/hal/hal_led/hal_led.o
 .debug_aranges
                0x0000000000000690       0x60 ./pacabot/src/hal/hal_beeper/hal_beeper.o
 .debug_aranges
                0x00000000000006f0       0x50 ./pacabot/src/hal/hal_adc/hal_adc.o
 .debug_aranges
                0x0000000000000740       0x70 ./pacabot/src/drivers/step_motor_driver.o
 .debug_aranges
                0x00000000000007b0       0xa0 ./pacabot/src/app/maze.o
 .debug_aranges
                0x0000000000000850       0x88 ./pacabot/src/app/menus.o
 .debug_aranges
                0x00000000000008d8       0x40 ./cmsis_lib/source/misc.o
 .debug_aranges
                0x0000000000000918      0x148 ./cmsis_lib/source/stm32f4xx_adc.o
 .debug_aranges
                0x0000000000000a60       0xb0 ./cmsis_lib/source/stm32f4xx_dma.o
 .debug_aranges
                0x0000000000000b10      0x108 ./cmsis_lib/source/stm32f4xx_flash.o
 .debug_aranges
                0x0000000000000c18       0x88 ./cmsis_lib/source/stm32f4xx_gpio.o
 .debug_aranges
                0x0000000000000ca0      0x178 ./cmsis_lib/source/stm32f4xx_rcc.o
 .debug_aranges
                0x0000000000000e18       0xe0 ./cmsis_lib/source/stm32f4xx_spi.o
 .debug_aranges
                0x0000000000000ef8      0x2f8 ./cmsis_lib/source/stm32f4xx_tim.o
 .debug_aranges
                0x00000000000011f0      0x100 ./cmsis_lib/source/stm32f4xx_usart.o
 .debug_aranges
                0x00000000000012f0       0x28 ./cmsis_boot/startup/startup_stm32f4xx.o
 .debug_aranges
                0x0000000000001318       0x30 ./cmsis_boot/system_stm32f4xx.o
 .debug_aranges
                0x0000000000001348       0x28 ./main.o

.debug_ranges   0x0000000000000000     0x1118
 .debug_ranges  0x0000000000000000       0x50 ./syscalls/syscalls.o
 .debug_ranges  0x0000000000000050       0x38 ./pacabot/src/util/common_functions.o
 .debug_ranges  0x0000000000000088       0x10 ./pacabot/src/tests/hal/test_hal_adc.o
 .debug_ranges  0x0000000000000098       0x10 ./pacabot/src/tests/hal/test_hal_color_sensor.o
 .debug_ranges  0x00000000000000a8       0x10 ./pacabot/src/tests/hal/test_hal_led.o
 .debug_ranges  0x00000000000000b8       0x10 ./pacabot/src/tests/hal/test_hal_sensor.o
 .debug_ranges  0x00000000000000c8       0x18 ./pacabot/src/tests/hal/test_hal_step_motor.o
 .debug_ranges  0x00000000000000e0       0x10 ./pacabot/src/tests/drivers/test_step_motor_driver.o
 .debug_ranges  0x00000000000000f0       0x10 ./pacabot/src/tests/calibration/motor_calibration.o
 .debug_ranges  0x0000000000000100       0xb0 ./pacabot/src/oled/ssd1306.o
 .debug_ranges  0x00000000000001b0       0x18 ./pacabot/src/oled/ssd1306_peripherals.o
 .debug_ranges  0x00000000000001c8       0x98 ./pacabot/src/hal/hal_ui/hal_ui.o
 .debug_ranges  0x0000000000000260       0xd0 ./pacabot/src/hal/hal_step_motor/hal_step_motor.o
 .debug_ranges  0x0000000000000330       0x40 ./pacabot/src/hal/hal_serial/hal_serial.o
 .debug_ranges  0x0000000000000370       0x58 ./pacabot/src/hal/hal_sensor/hal_sensor.o
 .debug_ranges  0x00000000000003c8       0xa0 ./pacabot/src/hal/hal_pid/hal_pid.o
 .debug_ranges  0x0000000000000468       0x48 ./pacabot/src/hal/hal_os/hal_os.o
 .debug_ranges  0x00000000000004b0       0x48 ./pacabot/src/hal/hal_nvm/hal_nvm.o
 .debug_ranges  0x00000000000004f8       0x50 ./pacabot/src/hal/hal_led/hal_led.o
 .debug_ranges  0x0000000000000548       0x50 ./pacabot/src/hal/hal_beeper/hal_beeper.o
 .debug_ranges  0x0000000000000598       0x40 ./pacabot/src/hal/hal_adc/hal_adc.o
 .debug_ranges  0x00000000000005d8       0x60 ./pacabot/src/drivers/step_motor_driver.o
 .debug_ranges  0x0000000000000638       0x90 ./pacabot/src/app/maze.o
 .debug_ranges  0x00000000000006c8       0x78 ./pacabot/src/app/menus.o
 .debug_ranges  0x0000000000000740       0x30 ./cmsis_lib/source/misc.o
 .debug_ranges  0x0000000000000770      0x138 ./cmsis_lib/source/stm32f4xx_adc.o
 .debug_ranges  0x00000000000008a8       0xa0 ./cmsis_lib/source/stm32f4xx_dma.o
 .debug_ranges  0x0000000000000948       0xf8 ./cmsis_lib/source/stm32f4xx_flash.o
 .debug_ranges  0x0000000000000a40       0x78 ./cmsis_lib/source/stm32f4xx_gpio.o
 .debug_ranges  0x0000000000000ab8      0x168 ./cmsis_lib/source/stm32f4xx_rcc.o
 .debug_ranges  0x0000000000000c20       0xd0 ./cmsis_lib/source/stm32f4xx_spi.o
 .debug_ranges  0x0000000000000cf0      0x2e8 ./cmsis_lib/source/stm32f4xx_tim.o
 .debug_ranges  0x0000000000000fd8       0xf0 ./cmsis_lib/source/stm32f4xx_usart.o
 .debug_ranges  0x00000000000010c8       0x18 ./cmsis_boot/startup/startup_stm32f4xx.o
 .debug_ranges  0x00000000000010e0       0x20 ./cmsis_boot/system_stm32f4xx.o
 .debug_ranges  0x0000000000001100       0x18 ./main.o

.debug_macro    0x0000000000000000    0x11dde
 .debug_macro   0x0000000000000000      0x129 ./syscalls/syscalls.o
 .debug_macro   0x0000000000000129      0x87a ./syscalls/syscalls.o
 .debug_macro   0x00000000000009a3       0x58 ./syscalls/syscalls.o
 .debug_macro   0x00000000000009fb       0x16 ./syscalls/syscalls.o
 .debug_macro   0x0000000000000a11       0x35 ./syscalls/syscalls.o
 .debug_macro   0x0000000000000a46       0xa3 ./syscalls/syscalls.o
 .debug_macro   0x0000000000000ae9       0x16 ./syscalls/syscalls.o
 .debug_macro   0x0000000000000aff       0x97 ./syscalls/syscalls.o
 .debug_macro   0x0000000000000b96       0x10 ./syscalls/syscalls.o
 .debug_macro   0x0000000000000ba6       0xf6 ./syscalls/syscalls.o
 .debug_macro   0x0000000000000c9c       0x4a ./syscalls/syscalls.o